running egg_info
creating ../build/robot_description/robot_description.egg-info
writing ../build/robot_description/robot_description.egg-info/PKG-INFO
writing dependency_links to ../build/robot_description/robot_description.egg-info/dependency_links.txt
writing entry points to ../build/robot_description/robot_description.egg-info/entry_points.txt
writing requirements to ../build/robot_description/robot_description.egg-info/requires.txt
writing top-level names to ../build/robot_description/robot_description.egg-info/top_level.txt
writing manifest file '../build/robot_description/robot_description.egg-info/SOURCES.txt'
reading manifest file '../build/robot_description/robot_description.egg-info/SOURCES.txt'
writing manifest file '../build/robot_description/robot_description.egg-info/SOURCES.txt'
running build
running install
running install_data
creating /home/zlove/botFire/Autobot/install/robot_description/share/ament_index
creating /home/zlove/botFire/Autobot/install/robot_description/share/ament_index/resource_index
creating /home/zlove/botFire/Autobot/install/robot_description/share/ament_index/resource_index/packages
copying resource/robot_description -> /home/zlove/botFire/Autobot/install/robot_description/share/ament_index/resource_index/packages
copying package.xml -> /home/zlove/botFire/Autobot/install/robot_description/share/robot_description
creating /home/zlove/botFire/Autobot/install/robot_description/share/robot_description/launch
copying launch/visualize_robot.launch.py -> /home/zlove/botFire/Autobot/install/robot_description/share/robot_description/launch
creating /home/zlove/botFire/Autobot/install/robot_description/share/robot_description/urdf
copying urdf/robot.txt -> /home/zlove/botFire/Autobot/install/robot_description/share/robot_description/urdf
copying urdf/robot.urdf -> /home/zlove/botFire/Autobot/install/robot_description/share/robot_description/urdf
creating /home/zlove/botFire/Autobot/install/robot_description/share/robot_description/config
copying config/robot.rviz -> /home/zlove/botFire/Autobot/install/robot_description/share/robot_description/config
running install_egg_info
Copying ../build/robot_description/robot_description.egg-info to /home/zlove/botFire/Autobot/install/robot_description/lib/python3.12/site-packages/robot_description-0.0.0-py3.12.egg-info
running install_scripts
Installing urdf_publisher script to /home/zlove/botFire/Autobot/install/robot_description/lib/robot_description
writing list of installed files to '/home/zlove/botFire/Autobot/build/robot_description/install.log'
