[2.886s] Invoking command in '/home/zlove/botFire/Autobot/robot_description_ignore': DEBUGINFOD_URLS=https://debuginfod.ubuntu.com PYTHONPATH=/home/zlove/botFire/Autobot/build/robot_description/prefix_override:/usr/lib/python3/dist-packages/colcon_core/task/python/colcon_distutils_commands:/home/zlove/botFire/Autobot/install/robot_description/lib/python3.12/site-packages:${PYTHONPATH} /usr/bin/python3 -W ignore:setup.py install is deprecated -W ignore:easy_install command is deprecated setup.py egg_info --egg-base ../build/robot_description build --build-base /home/zlove/botFire/Autobot/build/robot_description/build install --record /home/zlove/botFire/Autobot/build/robot_description/install.log --single-version-externally-managed install_data
[3.371s] running egg_info
[3.372s] creating ../build/robot_description/robot_description.egg-info
[3.414s] writing ../build/robot_description/robot_description.egg-info/PKG-INFO
[3.416s] writing dependency_links to ../build/robot_description/robot_description.egg-info/dependency_links.txt
[3.417s] writing entry points to ../build/robot_description/robot_description.egg-info/entry_points.txt
[3.417s] writing requirements to ../build/robot_description/robot_description.egg-info/requires.txt
[3.417s] writing top-level names to ../build/robot_description/robot_description.egg-info/top_level.txt
[3.417s] writing manifest file '../build/robot_description/robot_description.egg-info/SOURCES.txt'
[3.451s] reading manifest file '../build/robot_description/robot_description.egg-info/SOURCES.txt'
[3.451s] writing manifest file '../build/robot_description/robot_description.egg-info/SOURCES.txt'
[3.452s] running build
[3.453s] running install
[3.461s] running install_data
[3.462s] creating /home/zlove/botFire/Autobot/install/robot_description/share/ament_index
[3.462s] creating /home/zlove/botFire/Autobot/install/robot_description/share/ament_index/resource_index
[3.462s] creating /home/zlove/botFire/Autobot/install/robot_description/share/ament_index/resource_index/packages
[3.464s] copying resource/robot_description -> /home/zlove/botFire/Autobot/install/robot_description/share/ament_index/resource_index/packages
[3.465s] copying package.xml -> /home/zlove/botFire/Autobot/install/robot_description/share/robot_description
[3.465s] creating /home/zlove/botFire/Autobot/install/robot_description/share/robot_description/launch
[3.465s] copying launch/visualize_robot.launch.py -> /home/zlove/botFire/Autobot/install/robot_description/share/robot_description/launch
[3.465s] creating /home/zlove/botFire/Autobot/install/robot_description/share/robot_description/urdf
[3.466s] copying urdf/robot.txt -> /home/zlove/botFire/Autobot/install/robot_description/share/robot_description/urdf
[3.467s] copying urdf/robot.urdf -> /home/zlove/botFire/Autobot/install/robot_description/share/robot_description/urdf
[3.468s] creating /home/zlove/botFire/Autobot/install/robot_description/share/robot_description/config
[3.468s] copying config/robot.rviz -> /home/zlove/botFire/Autobot/install/robot_description/share/robot_description/config
[3.469s] running install_egg_info
[3.538s] Copying ../build/robot_description/robot_description.egg-info to /home/zlove/botFire/Autobot/install/robot_description/lib/python3.12/site-packages/robot_description-0.0.0-py3.12.egg-info
[3.540s] running install_scripts
[3.842s] Installing urdf_publisher script to /home/zlove/botFire/Autobot/install/robot_description/lib/robot_description
[3.843s] writing list of installed files to '/home/zlove/botFire/Autobot/build/robot_description/install.log'
[3.999s] Invoked command in '/home/zlove/botFire/Autobot/robot_description_ignore' returned '0': DEBUGINFOD_URLS=https://debuginfod.ubuntu.com PYTHONPATH=/home/zlove/botFire/Autobot/build/robot_description/prefix_override:/usr/lib/python3/dist-packages/colcon_core/task/python/colcon_distutils_commands:/home/zlove/botFire/Autobot/install/robot_description/lib/python3.12/site-packages:${PYTHONPATH} /usr/bin/python3 -W ignore:setup.py install is deprecated -W ignore:easy_install command is deprecated setup.py egg_info --egg-base ../build/robot_description build --build-base /home/zlove/botFire/Autobot/build/robot_description/build install --record /home/zlove/botFire/Autobot/build/robot_description/install.log --single-version-externally-managed install_data
