running egg_info
creating ../build/urdf_tutorial/urdf_tutorial.egg-info
writing ../build/urdf_tutorial/urdf_tutorial.egg-info/PKG-INFO
writing dependency_links to ../build/urdf_tutorial/urdf_tutorial.egg-info/dependency_links.txt
writing entry points to ../build/urdf_tutorial/urdf_tutorial.egg-info/entry_points.txt
writing requirements to ../build/urdf_tutorial/urdf_tutorial.egg-info/requires.txt
writing top-level names to ../build/urdf_tutorial/urdf_tutorial.egg-info/top_level.txt
writing manifest file '../build/urdf_tutorial/urdf_tutorial.egg-info/SOURCES.txt'
reading manifest file '../build/urdf_tutorial/urdf_tutorial.egg-info/SOURCES.txt'
writing manifest file '../build/urdf_tutorial/urdf_tutorial.egg-info/SOURCES.txt'
running build
running build_py
creating /home/zlove/botFire/Autobot/build/urdf_tutorial/build
creating /home/zlove/botFire/Autobot/build/urdf_tutorial/build/lib
creating /home/zlove/botFire/Autobot/build/urdf_tutorial/build/lib/urdf_tutorial
copying urdf_tutorial/state_publisher.py -> /home/zlove/botFire/Autobot/build/urdf_tutorial/build/lib/urdf_tutorial
copying urdf_tutorial/__init__.py -> /home/zlove/botFire/Autobot/build/urdf_tutorial/build/lib/urdf_tutorial
running install
running install_lib
creating /home/zlove/botFire/Autobot/install/urdf_tutorial/lib/python3.12/site-packages/urdf_tutorial
copying /home/zlove/botFire/Autobot/build/urdf_tutorial/build/lib/urdf_tutorial/state_publisher.py -> /home/zlove/botFire/Autobot/install/urdf_tutorial/lib/python3.12/site-packages/urdf_tutorial
copying /home/zlove/botFire/Autobot/build/urdf_tutorial/build/lib/urdf_tutorial/__init__.py -> /home/zlove/botFire/Autobot/install/urdf_tutorial/lib/python3.12/site-packages/urdf_tutorial
byte-compiling /home/zlove/botFire/Autobot/install/urdf_tutorial/lib/python3.12/site-packages/urdf_tutorial/state_publisher.py to state_publisher.cpython-312.pyc
byte-compiling /home/zlove/botFire/Autobot/install/urdf_tutorial/lib/python3.12/site-packages/urdf_tutorial/__init__.py to __init__.cpython-312.pyc
running install_data
creating /home/zlove/botFire/Autobot/install/urdf_tutorial/share/ament_index
creating /home/zlove/botFire/Autobot/install/urdf_tutorial/share/ament_index/resource_index
creating /home/zlove/botFire/Autobot/install/urdf_tutorial/share/ament_index/resource_index/packages
copying resource/urdf_tutorial -> /home/zlove/botFire/Autobot/install/urdf_tutorial/share/ament_index/resource_index/packages
copying package.xml -> /home/zlove/botFire/Autobot/install/urdf_tutorial/share/urdf_tutorial
copying launch/demo.launch.py -> /home/zlove/botFire/Autobot/install/urdf_tutorial/share/urdf_tutorial
copying urdf/robot.urdf.xml -> /home/zlove/botFire/Autobot/install/urdf_tutorial/share/urdf_tutorial
running install_egg_info
Copying ../build/urdf_tutorial/urdf_tutorial.egg-info to /home/zlove/botFire/Autobot/install/urdf_tutorial/lib/python3.12/site-packages/urdf_tutorial-0.0.0-py3.12.egg-info
running install_scripts
Installing state_publisher script to /home/zlove/botFire/Autobot/install/urdf_tutorial/lib/urdf_tutorial
writing list of installed files to '/home/zlove/botFire/Autobot/build/urdf_tutorial/install.log'
