[2.948s] Invoking command in '/home/zlove/botFire/Autobot/urdf_tutorial': DEBUGINFOD_URLS=https://debuginfod.ubuntu.com PYTHONPATH=/home/zlove/botFire/Autobot/build/urdf_tutorial/prefix_override:/usr/lib/python3/dist-packages/colcon_core/task/python/colcon_distutils_commands:/home/zlove/botFire/Autobot/install/urdf_tutorial/lib/python3.12/site-packages:${PYTHONPATH} /usr/bin/python3 -W ignore:setup.py install is deprecated -W ignore:easy_install command is deprecated setup.py egg_info --egg-base ../build/urdf_tutorial build --build-base /home/zlove/botFire/Autobot/build/urdf_tutorial/build install --record /home/zlove/botFire/Autobot/build/urdf_tutorial/install.log --single-version-externally-managed install_data
[3.438s] running egg_info
[3.439s] creating ../build/urdf_tutorial/urdf_tutorial.egg-info
[3.474s] writing ../build/urdf_tutorial/urdf_tutorial.egg-info/PKG-INFO
[3.475s] writing dependency_links to ../build/urdf_tutorial/urdf_tutorial.egg-info/dependency_links.txt
[3.476s] writing entry points to ../build/urdf_tutorial/urdf_tutorial.egg-info/entry_points.txt
[3.476s] writing requirements to ../build/urdf_tutorial/urdf_tutorial.egg-info/requires.txt
[3.476s] writing top-level names to ../build/urdf_tutorial/urdf_tutorial.egg-info/top_level.txt
[3.476s] writing manifest file '../build/urdf_tutorial/urdf_tutorial.egg-info/SOURCES.txt'
[3.550s] reading manifest file '../build/urdf_tutorial/urdf_tutorial.egg-info/SOURCES.txt'
[3.552s] writing manifest file '../build/urdf_tutorial/urdf_tutorial.egg-info/SOURCES.txt'
[3.552s] running build
[3.552s] running build_py
[3.553s] creating /home/zlove/botFire/Autobot/build/urdf_tutorial/build
[3.553s] creating /home/zlove/botFire/Autobot/build/urdf_tutorial/build/lib
[3.553s] creating /home/zlove/botFire/Autobot/build/urdf_tutorial/build/lib/urdf_tutorial
[3.553s] copying urdf_tutorial/state_publisher.py -> /home/zlove/botFire/Autobot/build/urdf_tutorial/build/lib/urdf_tutorial
[3.555s] copying urdf_tutorial/__init__.py -> /home/zlove/botFire/Autobot/build/urdf_tutorial/build/lib/urdf_tutorial
[3.556s] running install
[3.565s] running install_lib
[3.598s] creating /home/zlove/botFire/Autobot/install/urdf_tutorial/lib/python3.12/site-packages/urdf_tutorial
[3.598s] copying /home/zlove/botFire/Autobot/build/urdf_tutorial/build/lib/urdf_tutorial/state_publisher.py -> /home/zlove/botFire/Autobot/install/urdf_tutorial/lib/python3.12/site-packages/urdf_tutorial
[3.598s] copying /home/zlove/botFire/Autobot/build/urdf_tutorial/build/lib/urdf_tutorial/__init__.py -> /home/zlove/botFire/Autobot/install/urdf_tutorial/lib/python3.12/site-packages/urdf_tutorial
[3.601s] byte-compiling /home/zlove/botFire/Autobot/install/urdf_tutorial/lib/python3.12/site-packages/urdf_tutorial/state_publisher.py to state_publisher.cpython-312.pyc
[3.603s] byte-compiling /home/zlove/botFire/Autobot/install/urdf_tutorial/lib/python3.12/site-packages/urdf_tutorial/__init__.py to __init__.cpython-312.pyc
[3.603s] running install_data
[3.604s] creating /home/zlove/botFire/Autobot/install/urdf_tutorial/share/ament_index
[3.604s] creating /home/zlove/botFire/Autobot/install/urdf_tutorial/share/ament_index/resource_index
[3.604s] creating /home/zlove/botFire/Autobot/install/urdf_tutorial/share/ament_index/resource_index/packages
[3.604s] copying resource/urdf_tutorial -> /home/zlove/botFire/Autobot/install/urdf_tutorial/share/ament_index/resource_index/packages
[3.604s] copying package.xml -> /home/zlove/botFire/Autobot/install/urdf_tutorial/share/urdf_tutorial
[3.604s] copying launch/demo.launch.py -> /home/zlove/botFire/Autobot/install/urdf_tutorial/share/urdf_tutorial
[3.605s] copying urdf/robot.urdf.xml -> /home/zlove/botFire/Autobot/install/urdf_tutorial/share/urdf_tutorial
[3.606s] running install_egg_info
[3.647s] Copying ../build/urdf_tutorial/urdf_tutorial.egg-info to /home/zlove/botFire/Autobot/install/urdf_tutorial/lib/python3.12/site-packages/urdf_tutorial-0.0.0-py3.12.egg-info
[3.651s] running install_scripts
[4.000s] Installing state_publisher script to /home/zlove/botFire/Autobot/install/urdf_tutorial/lib/urdf_tutorial
[4.000s] writing list of installed files to '/home/zlove/botFire/Autobot/build/urdf_tutorial/install.log'
[4.101s] Invoked command in '/home/zlove/botFire/Autobot/urdf_tutorial' returned '0': DEBUGINFOD_URLS=https://debuginfod.ubuntu.com PYTHONPATH=/home/zlove/botFire/Autobot/build/urdf_tutorial/prefix_override:/usr/lib/python3/dist-packages/colcon_core/task/python/colcon_distutils_commands:/home/zlove/botFire/Autobot/install/urdf_tutorial/lib/python3.12/site-packages:${PYTHONPATH} /usr/bin/python3 -W ignore:setup.py install is deprecated -W ignore:easy_install command is deprecated setup.py egg_info --egg-base ../build/urdf_tutorial build --build-base /home/zlove/botFire/Autobot/build/urdf_tutorial/build install --record /home/zlove/botFire/Autobot/build/urdf_tutorial/install.log --single-version-externally-managed install_data
