[0.629s] DEBUG:colcon:Command line arguments: ['/usr/bin/colcon', 'build', '--packages-select', 'sllidar_ros2']
[0.629s] DEBUG:colcon:Parsed command line arguments: Namespace(log_base=None, log_level=None, verb_name='build', build_base='build', install_base='install', merge_install=False, symlink_install=False, test_result_base=None, continue_on_error=False, executor='parallel', parallel_workers=6, event_handlers=None, ignore_user_meta=False, metas=['./colcon.meta'], base_paths=['.'], packages_ignore=None, packages_ignore_regex=None, paths=None, packages_up_to=None, packages_up_to_regex=None, packages_above=None, packages_above_and_dependencies=None, packages_above_depth=None, packages_select_by_dep=None, packages_skip_by_dep=None, packages_skip_up_to=None, packages_select_build_failed=False, packages_skip_build_finished=False, packages_select_test_failures=False, packages_skip_test_passed=False, packages_select=['sllidar_ros2'], packages_skip=None, packages_select_regex=None, packages_skip_regex=None, packages_start=None, packages_end=None, allow_overriding=[], cmake_args=None, cmake_target=None, cmake_target_skip_unavailable=False, cmake_clean_cache=False, cmake_clean_first=False, cmake_force_configure=False, ament_cmake_args=None, catkin_cmake_args=None, catkin_skip_building_tests=False, mixin_files=None, mixin=None, verb_parser=<colcon_mixin.mixin.mixin_argument.MixinArgumentDecorator object at 0x77868b2ac1d0>, verb_extension=<colcon_core.verb.build.BuildVerb object at 0x77868b287e30>, main=<bound method BuildVerb.main of <colcon_core.verb.build.BuildVerb object at 0x77868b287e30>>, mixin_verb=('build',))
[0.745s] Level 1:colcon.colcon_core.package_discovery:discover_packages(colcon_meta) check parameters
[0.746s] Level 1:colcon.colcon_core.package_discovery:discover_packages(recursive) check parameters
[0.746s] Level 1:colcon.colcon_core.package_discovery:discover_packages(ignore) check parameters
[0.746s] Level 1:colcon.colcon_core.package_discovery:discover_packages(path) check parameters
[0.746s] Level 1:colcon.colcon_core.package_discovery:discover_packages(colcon_meta) discover
[0.746s] Level 1:colcon.colcon_core.package_discovery:discover_packages(recursive) discover
[0.746s] INFO:colcon.colcon_core.package_discovery:Crawling recursively for packages in '/home/zlove/botFire/Autobot'
[0.746s] Level 1:colcon.colcon_core.package_identification:_identify(.) by extensions ['ignore', 'ignore_ament_install']
[0.746s] Level 1:colcon.colcon_core.package_identification:_identify(.) by extension 'ignore'
[0.747s] Level 1:colcon.colcon_core.package_identification:_identify(.) by extension 'ignore_ament_install'
[0.747s] Level 1:colcon.colcon_core.package_identification:_identify(.) by extensions ['colcon_pkg']
[0.747s] Level 1:colcon.colcon_core.package_identification:_identify(.) by extension 'colcon_pkg'
[0.747s] Level 1:colcon.colcon_core.package_identification:_identify(.) by extensions ['colcon_meta']
[0.747s] Level 1:colcon.colcon_core.package_identification:_identify(.) by extension 'colcon_meta'
[0.747s] Level 1:colcon.colcon_core.package_identification:_identify(.) by extensions ['ros']
[0.747s] Level 1:colcon.colcon_core.package_identification:_identify(.) by extension 'ros'
[0.822s] Level 1:colcon.colcon_core.package_identification:_identify(.) by extensions ['cmake', 'python']
[0.822s] Level 1:colcon.colcon_core.package_identification:_identify(.) by extension 'cmake'
[0.822s] Level 1:colcon.colcon_core.package_identification:_identify(.) by extension 'python'
[0.823s] Level 1:colcon.colcon_core.package_identification:_identify(.) by extensions ['python_setup_py']
[0.823s] Level 1:colcon.colcon_core.package_identification:_identify(.) by extension 'python_setup_py'
[0.824s] Level 1:colcon.colcon_core.package_identification:_identify(bno055) by extensions ['ignore', 'ignore_ament_install']
[0.825s] Level 1:colcon.colcon_core.package_identification:_identify(bno055) by extension 'ignore'
[0.825s] Level 1:colcon.colcon_core.package_identification:_identify(bno055) by extension 'ignore_ament_install'
[0.825s] Level 1:colcon.colcon_core.package_identification:_identify(bno055) by extensions ['colcon_pkg']
[0.825s] Level 1:colcon.colcon_core.package_identification:_identify(bno055) by extension 'colcon_pkg'
[0.826s] Level 1:colcon.colcon_core.package_identification:_identify(bno055) by extensions ['colcon_meta']
[0.826s] Level 1:colcon.colcon_core.package_identification:_identify(bno055) by extension 'colcon_meta'
[0.826s] Level 1:colcon.colcon_core.package_identification:_identify(bno055) by extensions ['ros']
[0.826s] Level 1:colcon.colcon_core.package_identification:_identify(bno055) by extension 'ros'
[0.826s] Level 1:colcon.colcon_core.package_identification:_identify(bno055) by extensions ['cmake', 'python']
[0.826s] Level 1:colcon.colcon_core.package_identification:_identify(bno055) by extension 'cmake'
[0.827s] Level 1:colcon.colcon_core.package_identification:_identify(bno055) by extension 'python'
[0.827s] Level 1:colcon.colcon_core.package_identification:_identify(bno055) by extensions ['python_setup_py']
[0.827s] Level 1:colcon.colcon_core.package_identification:_identify(bno055) by extension 'python_setup_py'
[0.827s] Level 1:colcon.colcon_core.package_identification:_identify(build) by extensions ['ignore', 'ignore_ament_install']
[0.828s] Level 1:colcon.colcon_core.package_identification:_identify(build) by extension 'ignore'
[0.828s] Level 1:colcon.colcon_core.package_identification:_identify(build) ignored
[0.828s] Level 1:colcon.colcon_core.package_identification:_identify(install) by extensions ['ignore', 'ignore_ament_install']
[0.829s] Level 1:colcon.colcon_core.package_identification:_identify(install) by extension 'ignore'
[0.829s] Level 1:colcon.colcon_core.package_identification:_identify(install) ignored
[0.829s] Level 1:colcon.colcon_core.package_identification:_identify(log) by extensions ['ignore', 'ignore_ament_install']
[0.830s] Level 1:colcon.colcon_core.package_identification:_identify(log) by extension 'ignore'
[0.830s] Level 1:colcon.colcon_core.package_identification:_identify(log) ignored
[0.830s] Level 1:colcon.colcon_core.package_identification:_identify(nav2) by extensions ['ignore', 'ignore_ament_install']
[0.831s] Level 1:colcon.colcon_core.package_identification:_identify(nav2) by extension 'ignore'
[0.831s] Level 1:colcon.colcon_core.package_identification:_identify(nav2) by extension 'ignore_ament_install'
[0.831s] Level 1:colcon.colcon_core.package_identification:_identify(nav2) by extensions ['colcon_pkg']
[0.831s] Level 1:colcon.colcon_core.package_identification:_identify(nav2) by extension 'colcon_pkg'
[0.831s] Level 1:colcon.colcon_core.package_identification:_identify(nav2) by extensions ['colcon_meta']
[0.832s] Level 1:colcon.colcon_core.package_identification:_identify(nav2) by extension 'colcon_meta'
[0.832s] Level 1:colcon.colcon_core.package_identification:_identify(nav2) by extensions ['ros']
[0.832s] Level 1:colcon.colcon_core.package_identification:_identify(nav2) by extension 'ros'
[0.833s] Level 1:colcon.colcon_core.package_identification:_identify(nav2) by extensions ['cmake', 'python']
[0.833s] Level 1:colcon.colcon_core.package_identification:_identify(nav2) by extension 'cmake'
[0.833s] Level 1:colcon.colcon_core.package_identification:_identify(nav2) by extension 'python'
[0.833s] Level 1:colcon.colcon_core.package_identification:_identify(nav2) by extensions ['python_setup_py']
[0.833s] Level 1:colcon.colcon_core.package_identification:_identify(nav2) by extension 'python_setup_py'
[0.834s] Level 1:colcon.colcon_core.package_identification:_identify(nav2_wavefront_frontier_exploration) by extensions ['ignore', 'ignore_ament_install']
[0.834s] Level 1:colcon.colcon_core.package_identification:_identify(nav2_wavefront_frontier_exploration) by extension 'ignore'
[0.835s] Level 1:colcon.colcon_core.package_identification:_identify(nav2_wavefront_frontier_exploration) by extension 'ignore_ament_install'
[0.835s] Level 1:colcon.colcon_core.package_identification:_identify(nav2_wavefront_frontier_exploration) by extensions ['colcon_pkg']
[0.835s] Level 1:colcon.colcon_core.package_identification:_identify(nav2_wavefront_frontier_exploration) by extension 'colcon_pkg'
[0.835s] Level 1:colcon.colcon_core.package_identification:_identify(nav2_wavefront_frontier_exploration) by extensions ['colcon_meta']
[0.835s] Level 1:colcon.colcon_core.package_identification:_identify(nav2_wavefront_frontier_exploration) by extension 'colcon_meta'
[0.836s] Level 1:colcon.colcon_core.package_identification:_identify(nav2_wavefront_frontier_exploration) by extensions ['ros']
[0.836s] Level 1:colcon.colcon_core.package_identification:_identify(nav2_wavefront_frontier_exploration) by extension 'ros'
[0.836s] Level 1:colcon.colcon_core.package_identification:_identify(nav2_wavefront_frontier_exploration) by extensions ['cmake', 'python']
[0.836s] Level 1:colcon.colcon_core.package_identification:_identify(nav2_wavefront_frontier_exploration) by extension 'cmake'
[0.836s] Level 1:colcon.colcon_core.package_identification:_identify(nav2_wavefront_frontier_exploration) by extension 'python'
[0.837s] Level 1:colcon.colcon_core.package_identification:_identify(nav2_wavefront_frontier_exploration) by extensions ['python_setup_py']
[0.837s] Level 1:colcon.colcon_core.package_identification:_identify(nav2_wavefront_frontier_exploration) by extension 'python_setup_py'
[0.837s] Level 1:colcon.colcon_core.package_identification:_identify(robot_description_ignore) by extensions ['ignore', 'ignore_ament_install']
[0.838s] Level 1:colcon.colcon_core.package_identification:_identify(robot_description_ignore) by extension 'ignore'
[0.838s] Level 1:colcon.colcon_core.package_identification:_identify(robot_description_ignore) by extension 'ignore_ament_install'
[0.839s] Level 1:colcon.colcon_core.package_identification:_identify(robot_description_ignore) by extensions ['colcon_pkg']
[0.839s] Level 1:colcon.colcon_core.package_identification:_identify(robot_description_ignore) by extension 'colcon_pkg'
[0.839s] Level 1:colcon.colcon_core.package_identification:_identify(robot_description_ignore) by extensions ['colcon_meta']
[0.839s] Level 1:colcon.colcon_core.package_identification:_identify(robot_description_ignore) by extension 'colcon_meta'
[0.839s] Level 1:colcon.colcon_core.package_identification:_identify(robot_description_ignore) by extensions ['ros']
[0.839s] Level 1:colcon.colcon_core.package_identification:_identify(robot_description_ignore) by extension 'ros'
[0.846s] DEBUG:colcon.colcon_core.package_identification:Package 'robot_description_ignore' with type 'ros.ament_python' and name 'robot_description'
[0.847s] Level 1:colcon.colcon_core.package_identification:_identify(robot_killer) by extensions ['ignore', 'ignore_ament_install']
[0.847s] Level 1:colcon.colcon_core.package_identification:_identify(robot_killer) by extension 'ignore'
[0.847s] Level 1:colcon.colcon_core.package_identification:_identify(robot_killer) by extension 'ignore_ament_install'
[0.847s] Level 1:colcon.colcon_core.package_identification:_identify(robot_killer) by extensions ['colcon_pkg']
[0.847s] Level 1:colcon.colcon_core.package_identification:_identify(robot_killer) by extension 'colcon_pkg'
[0.847s] Level 1:colcon.colcon_core.package_identification:_identify(robot_killer) by extensions ['colcon_meta']
[0.847s] Level 1:colcon.colcon_core.package_identification:_identify(robot_killer) by extension 'colcon_meta'
[0.847s] Level 1:colcon.colcon_core.package_identification:_identify(robot_killer) by extensions ['ros']
[0.847s] Level 1:colcon.colcon_core.package_identification:_identify(robot_killer) by extension 'ros'
[0.851s] DEBUG:colcon.colcon_core.package_identification:Package 'robot_killer' with type 'ros.ament_python' and name 'robot_killer'
[0.852s] Level 1:colcon.colcon_core.package_identification:_identify(slam_toolbox) by extensions ['ignore', 'ignore_ament_install']
[0.852s] Level 1:colcon.colcon_core.package_identification:_identify(slam_toolbox) by extension 'ignore'
[0.852s] Level 1:colcon.colcon_core.package_identification:_identify(slam_toolbox) by extension 'ignore_ament_install'
[0.853s] Level 1:colcon.colcon_core.package_identification:_identify(slam_toolbox) by extensions ['colcon_pkg']
[0.853s] Level 1:colcon.colcon_core.package_identification:_identify(slam_toolbox) by extension 'colcon_pkg'
[0.853s] Level 1:colcon.colcon_core.package_identification:_identify(slam_toolbox) by extensions ['colcon_meta']
[0.853s] Level 1:colcon.colcon_core.package_identification:_identify(slam_toolbox) by extension 'colcon_meta'
[0.853s] Level 1:colcon.colcon_core.package_identification:_identify(slam_toolbox) by extensions ['ros']
[0.853s] Level 1:colcon.colcon_core.package_identification:_identify(slam_toolbox) by extension 'ros'
[0.853s] Level 1:colcon.colcon_core.package_identification:_identify(slam_toolbox) by extensions ['cmake', 'python']
[0.853s] Level 1:colcon.colcon_core.package_identification:_identify(slam_toolbox) by extension 'cmake'
[0.854s] Level 1:colcon.colcon_core.package_identification:_identify(slam_toolbox) by extension 'python'
[0.854s] Level 1:colcon.colcon_core.package_identification:_identify(slam_toolbox) by extensions ['python_setup_py']
[0.854s] Level 1:colcon.colcon_core.package_identification:_identify(slam_toolbox) by extension 'python_setup_py'
[0.854s] Level 1:colcon.colcon_core.package_identification:_identify(sllidar_ros2) by extensions ['ignore', 'ignore_ament_install']
[0.854s] Level 1:colcon.colcon_core.package_identification:_identify(sllidar_ros2) by extension 'ignore'
[0.854s] Level 1:colcon.colcon_core.package_identification:_identify(sllidar_ros2) by extension 'ignore_ament_install'
[0.855s] Level 1:colcon.colcon_core.package_identification:_identify(sllidar_ros2) by extensions ['colcon_pkg']
[0.855s] Level 1:colcon.colcon_core.package_identification:_identify(sllidar_ros2) by extension 'colcon_pkg'
[0.855s] Level 1:colcon.colcon_core.package_identification:_identify(sllidar_ros2) by extensions ['colcon_meta']
[0.855s] Level 1:colcon.colcon_core.package_identification:_identify(sllidar_ros2) by extension 'colcon_meta'
[0.855s] Level 1:colcon.colcon_core.package_identification:_identify(sllidar_ros2) by extensions ['ros']
[0.855s] Level 1:colcon.colcon_core.package_identification:_identify(sllidar_ros2) by extension 'ros'
[0.856s] DEBUG:colcon.colcon_core.package_identification:Package 'sllidar_ros2' with type 'ros.ament_cmake' and name 'sllidar_ros2'
[0.857s] Level 1:colcon.colcon_core.package_identification:_identify(twist_to_ackermann) by extensions ['ignore', 'ignore_ament_install']
[0.857s] Level 1:colcon.colcon_core.package_identification:_identify(twist_to_ackermann) by extension 'ignore'
[0.858s] Level 1:colcon.colcon_core.package_identification:_identify(twist_to_ackermann) by extension 'ignore_ament_install'
[0.858s] Level 1:colcon.colcon_core.package_identification:_identify(twist_to_ackermann) by extensions ['colcon_pkg']
[0.858s] Level 1:colcon.colcon_core.package_identification:_identify(twist_to_ackermann) by extension 'colcon_pkg'
[0.858s] Level 1:colcon.colcon_core.package_identification:_identify(twist_to_ackermann) by extensions ['colcon_meta']
[0.858s] Level 1:colcon.colcon_core.package_identification:_identify(twist_to_ackermann) by extension 'colcon_meta'
[0.858s] Level 1:colcon.colcon_core.package_identification:_identify(twist_to_ackermann) by extensions ['ros']
[0.858s] Level 1:colcon.colcon_core.package_identification:_identify(twist_to_ackermann) by extension 'ros'
[0.860s] DEBUG:colcon.colcon_core.package_identification:Package 'twist_to_ackermann' with type 'ros.ament_python' and name 'twist_to_ackermann'
[0.860s] Level 1:colcon.colcon_core.package_identification:_identify(urdf_tutorial) by extensions ['ignore', 'ignore_ament_install']
[0.860s] Level 1:colcon.colcon_core.package_identification:_identify(urdf_tutorial) by extension 'ignore'
[0.860s] Level 1:colcon.colcon_core.package_identification:_identify(urdf_tutorial) by extension 'ignore_ament_install'
[0.860s] Level 1:colcon.colcon_core.package_identification:_identify(urdf_tutorial) by extensions ['colcon_pkg']
[0.860s] Level 1:colcon.colcon_core.package_identification:_identify(urdf_tutorial) by extension 'colcon_pkg'
[0.861s] Level 1:colcon.colcon_core.package_identification:_identify(urdf_tutorial) by extensions ['colcon_meta']
[0.861s] Level 1:colcon.colcon_core.package_identification:_identify(urdf_tutorial) by extension 'colcon_meta'
[0.861s] Level 1:colcon.colcon_core.package_identification:_identify(urdf_tutorial) by extensions ['ros']
[0.861s] Level 1:colcon.colcon_core.package_identification:_identify(urdf_tutorial) by extension 'ros'
[0.862s] DEBUG:colcon.colcon_core.package_identification:Package 'urdf_tutorial' with type 'ros.ament_python' and name 'urdf_tutorial'
[0.862s] Level 1:colcon.colcon_core.package_discovery:discover_packages(recursive) using defaults
[0.862s] Level 1:colcon.colcon_core.package_discovery:discover_packages(ignore) discover
[0.862s] Level 1:colcon.colcon_core.package_discovery:discover_packages(ignore) using defaults
[0.862s] Level 1:colcon.colcon_core.package_discovery:discover_packages(path) discover
[0.862s] Level 1:colcon.colcon_core.package_discovery:discover_packages(path) using defaults
[0.944s] INFO:colcon.colcon_core.package_selection:Skipping not selected package 'robot_description' in 'robot_description_ignore'
[0.944s] INFO:colcon.colcon_core.package_selection:Skipping not selected package 'twist_to_ackermann' in 'twist_to_ackermann'
[0.945s] INFO:colcon.colcon_core.package_selection:Skipping not selected package 'urdf_tutorial' in 'urdf_tutorial'
[0.945s] INFO:colcon.colcon_core.package_selection:Skipping not selected package 'robot_killer' in 'robot_killer'
[0.946s] Level 1:colcon.colcon_core.package_discovery:discover_packages(prefix_path) check parameters
[0.946s] Level 1:colcon.colcon_core.package_discovery:discover_packages(prefix_path) discover
[0.975s] DEBUG:colcon.colcon_installed_package_information.package_discovery:Found 3 installed packages in /home/zlove/ros2_ws/install
[0.983s] DEBUG:colcon.colcon_installed_package_information.package_discovery:Found 386 installed packages in /opt/ros/jazzy
[0.986s] Level 1:colcon.colcon_core.package_discovery:discover_packages(prefix_path) using defaults
[1.569s] Level 5:colcon.colcon_core.verb:set package 'sllidar_ros2' build argument 'cmake_args' from command line to 'None'
[1.569s] Level 5:colcon.colcon_core.verb:set package 'sllidar_ros2' build argument 'cmake_target' from command line to 'None'
[1.569s] Level 5:colcon.colcon_core.verb:set package 'sllidar_ros2' build argument 'cmake_target_skip_unavailable' from command line to 'False'
[1.569s] Level 5:colcon.colcon_core.verb:set package 'sllidar_ros2' build argument 'cmake_clean_cache' from command line to 'False'
[1.569s] Level 5:colcon.colcon_core.verb:set package 'sllidar_ros2' build argument 'cmake_clean_first' from command line to 'False'
[1.569s] Level 5:colcon.colcon_core.verb:set package 'sllidar_ros2' build argument 'cmake_force_configure' from command line to 'False'
[1.569s] Level 5:colcon.colcon_core.verb:set package 'sllidar_ros2' build argument 'ament_cmake_args' from command line to 'None'
[1.569s] Level 5:colcon.colcon_core.verb:set package 'sllidar_ros2' build argument 'catkin_cmake_args' from command line to 'None'
[1.570s] Level 5:colcon.colcon_core.verb:set package 'sllidar_ros2' build argument 'catkin_skip_building_tests' from command line to 'False'
[1.570s] DEBUG:colcon.colcon_core.verb:Building package 'sllidar_ros2' with the following arguments: {'ament_cmake_args': None, 'build_base': '/home/zlove/botFire/Autobot/build/sllidar_ros2', 'catkin_cmake_args': None, 'catkin_skip_building_tests': False, 'cmake_args': None, 'cmake_clean_cache': False, 'cmake_clean_first': False, 'cmake_force_configure': False, 'cmake_target': None, 'cmake_target_skip_unavailable': False, 'install_base': '/home/zlove/botFire/Autobot/install/sllidar_ros2', 'merge_install': False, 'path': '/home/zlove/botFire/Autobot/sllidar_ros2', 'symlink_install': False, 'test_result_base': None}
[1.570s] INFO:colcon.colcon_core.executor:Executing jobs using 'parallel' executor
[1.573s] DEBUG:colcon.colcon_parallel_executor.executor.parallel:run_until_complete
[1.573s] INFO:colcon.colcon_ros.task.ament_cmake.build:Building ROS package in '/home/zlove/botFire/Autobot/sllidar_ros2' with build type 'ament_cmake'
[1.574s] INFO:colcon.colcon_cmake.task.cmake.build:Building CMake package in '/home/zlove/botFire/Autobot/sllidar_ros2'
[1.593s] INFO:colcon.colcon_core.plugin_system:Skipping extension 'colcon_core.shell.bat': Not used on non-Windows systems
[1.595s] INFO:colcon.colcon_core.shell:Skip shell extension 'powershell' for command environment: Not usable outside of PowerShell
[1.595s] DEBUG:colcon.colcon_core.shell:Skip shell extension 'dsv' for command environment
[1.768s] DEBUG:colcon.colcon_core.event_handler.log_command:Invoking command in '/home/zlove/botFire/Autobot/build/sllidar_ros2': CMAKE_PREFIX_PATH=${CMAKE_PREFIX_PATH}:/opt/ros/jazzy DEBUGINFOD_URLS=https://debuginfod.ubuntu.com /usr/bin/cmake /home/zlove/botFire/Autobot/sllidar_ros2 -DCMAKE_INSTALL_PREFIX=/home/zlove/botFire/Autobot/install/sllidar_ros2
[12.637s] DEBUG:colcon.colcon_core.event_handler.log_command:Invoked command in '/home/zlove/botFire/Autobot/build/sllidar_ros2' returned '0': CMAKE_PREFIX_PATH=${CMAKE_PREFIX_PATH}:/opt/ros/jazzy DEBUGINFOD_URLS=https://debuginfod.ubuntu.com /usr/bin/cmake /home/zlove/botFire/Autobot/sllidar_ros2 -DCMAKE_INSTALL_PREFIX=/home/zlove/botFire/Autobot/install/sllidar_ros2
[12.650s] DEBUG:colcon.colcon_core.event_handler.log_command:Invoking command in '/home/zlove/botFire/Autobot/build/sllidar_ros2': CMAKE_PREFIX_PATH=${CMAKE_PREFIX_PATH}:/opt/ros/jazzy DEBUGINFOD_URLS=https://debuginfod.ubuntu.com /usr/bin/cmake --build /home/zlove/botFire/Autobot/build/sllidar_ros2 -- -j6 -l6
[82.456s] DEBUG:colcon.colcon_core.event_handler.log_command:Invoked command in '/home/zlove/botFire/Autobot/build/sllidar_ros2' returned '0': CMAKE_PREFIX_PATH=${CMAKE_PREFIX_PATH}:/opt/ros/jazzy DEBUGINFOD_URLS=https://debuginfod.ubuntu.com /usr/bin/cmake --build /home/zlove/botFire/Autobot/build/sllidar_ros2 -- -j6 -l6
[82.647s] DEBUG:colcon.colcon_core.event_handler.log_command:Invoking command in '/home/zlove/botFire/Autobot/build/sllidar_ros2': CMAKE_PREFIX_PATH=${CMAKE_PREFIX_PATH}:/opt/ros/jazzy DEBUGINFOD_URLS=https://debuginfod.ubuntu.com /usr/bin/cmake --install /home/zlove/botFire/Autobot/build/sllidar_ros2
[82.898s] Level 1:colcon.colcon_core.environment:create_environment_scripts_only(sllidar_ros2)
[82.909s] DEBUG:colcon.colcon_core.event_handler.log_command:Invoked command in '/home/zlove/botFire/Autobot/build/sllidar_ros2' returned '0': CMAKE_PREFIX_PATH=${CMAKE_PREFIX_PATH}:/opt/ros/jazzy DEBUGINFOD_URLS=https://debuginfod.ubuntu.com /usr/bin/cmake --install /home/zlove/botFire/Autobot/build/sllidar_ros2
[83.044s] Level 1:colcon.colcon_core.environment:checking '/home/zlove/botFire/Autobot/install/sllidar_ros2' for CMake module files
[83.053s] Level 1:colcon.colcon_core.environment:checking '/home/zlove/botFire/Autobot/install/sllidar_ros2' for CMake config files
[83.055s] Level 1:colcon.colcon_core.shell:create_environment_hook('sllidar_ros2', 'cmake_prefix_path')
[83.063s] INFO:colcon.colcon_core.shell:Creating environment hook '/home/zlove/botFire/Autobot/install/sllidar_ros2/share/sllidar_ros2/hook/cmake_prefix_path.ps1'
[83.142s] INFO:colcon.colcon_core.shell:Creating environment descriptor '/home/zlove/botFire/Autobot/install/sllidar_ros2/share/sllidar_ros2/hook/cmake_prefix_path.dsv'
[83.149s] INFO:colcon.colcon_core.shell:Creating environment hook '/home/zlove/botFire/Autobot/install/sllidar_ros2/share/sllidar_ros2/hook/cmake_prefix_path.sh'
[83.164s] Level 1:colcon.colcon_core.environment:checking '/home/zlove/botFire/Autobot/install/sllidar_ros2/lib'
[83.164s] Level 1:colcon.colcon_core.environment:checking '/home/zlove/botFire/Autobot/install/sllidar_ros2/bin'
[83.165s] Level 1:colcon.colcon_core.environment:checking '/home/zlove/botFire/Autobot/install/sllidar_ros2/lib/pkgconfig/sllidar_ros2.pc'
[83.179s] Level 1:colcon.colcon_core.environment:checking '/home/zlove/botFire/Autobot/install/sllidar_ros2/lib/python3.12/site-packages'
[83.180s] Level 1:colcon.colcon_core.environment:checking '/home/zlove/botFire/Autobot/install/sllidar_ros2/bin'
[83.183s] INFO:colcon.colcon_core.shell:Creating package script '/home/zlove/botFire/Autobot/install/sllidar_ros2/share/sllidar_ros2/package.ps1'
[83.191s] INFO:colcon.colcon_core.shell:Creating package descriptor '/home/zlove/botFire/Autobot/install/sllidar_ros2/share/sllidar_ros2/package.dsv'
[83.194s] INFO:colcon.colcon_core.shell:Creating package script '/home/zlove/botFire/Autobot/install/sllidar_ros2/share/sllidar_ros2/package.sh'
[83.198s] INFO:colcon.colcon_core.shell:Creating package script '/home/zlove/botFire/Autobot/install/sllidar_ros2/share/sllidar_ros2/package.bash'
[83.209s] INFO:colcon.colcon_core.shell:Creating package script '/home/zlove/botFire/Autobot/install/sllidar_ros2/share/sllidar_ros2/package.zsh'
[83.215s] Level 1:colcon.colcon_core.environment:create_file_with_runtime_dependencies(/home/zlove/botFire/Autobot/install/sllidar_ros2/share/colcon-core/packages/sllidar_ros2)
[83.240s] Level 1:colcon.colcon_core.environment:create_environment_scripts_only(sllidar_ros2)
[83.241s] Level 1:colcon.colcon_core.environment:checking '/home/zlove/botFire/Autobot/install/sllidar_ros2' for CMake module files
[83.243s] Level 1:colcon.colcon_core.environment:checking '/home/zlove/botFire/Autobot/install/sllidar_ros2' for CMake config files
[83.244s] Level 1:colcon.colcon_core.shell:create_environment_hook('sllidar_ros2', 'cmake_prefix_path')
[83.244s] INFO:colcon.colcon_core.shell:Creating environment hook '/home/zlove/botFire/Autobot/install/sllidar_ros2/share/sllidar_ros2/hook/cmake_prefix_path.ps1'
[83.249s] INFO:colcon.colcon_core.shell:Creating environment descriptor '/home/zlove/botFire/Autobot/install/sllidar_ros2/share/sllidar_ros2/hook/cmake_prefix_path.dsv'
[83.250s] INFO:colcon.colcon_core.shell:Creating environment hook '/home/zlove/botFire/Autobot/install/sllidar_ros2/share/sllidar_ros2/hook/cmake_prefix_path.sh'
[83.254s] Level 1:colcon.colcon_core.environment:checking '/home/zlove/botFire/Autobot/install/sllidar_ros2/lib'
[83.254s] Level 1:colcon.colcon_core.environment:checking '/home/zlove/botFire/Autobot/install/sllidar_ros2/bin'
[83.254s] Level 1:colcon.colcon_core.environment:checking '/home/zlove/botFire/Autobot/install/sllidar_ros2/lib/pkgconfig/sllidar_ros2.pc'
[83.255s] Level 1:colcon.colcon_core.environment:checking '/home/zlove/botFire/Autobot/install/sllidar_ros2/lib/python3.12/site-packages'
[83.255s] Level 1:colcon.colcon_core.environment:checking '/home/zlove/botFire/Autobot/install/sllidar_ros2/bin'
[83.258s] INFO:colcon.colcon_core.shell:Creating package script '/home/zlove/botFire/Autobot/install/sllidar_ros2/share/sllidar_ros2/package.ps1'
[83.262s] INFO:colcon.colcon_core.shell:Creating package descriptor '/home/zlove/botFire/Autobot/install/sllidar_ros2/share/sllidar_ros2/package.dsv'
[83.264s] INFO:colcon.colcon_core.shell:Creating package script '/home/zlove/botFire/Autobot/install/sllidar_ros2/share/sllidar_ros2/package.sh'
[83.268s] INFO:colcon.colcon_core.shell:Creating package script '/home/zlove/botFire/Autobot/install/sllidar_ros2/share/sllidar_ros2/package.bash'
[83.273s] INFO:colcon.colcon_core.shell:Creating package script '/home/zlove/botFire/Autobot/install/sllidar_ros2/share/sllidar_ros2/package.zsh'
[83.277s] Level 1:colcon.colcon_core.environment:create_file_with_runtime_dependencies(/home/zlove/botFire/Autobot/install/sllidar_ros2/share/colcon-core/packages/sllidar_ros2)
[83.289s] DEBUG:colcon.colcon_parallel_executor.executor.parallel:closing loop
[83.297s] DEBUG:colcon.colcon_parallel_executor.executor.parallel:loop closed
[83.298s] DEBUG:colcon.colcon_parallel_executor.executor.parallel:run_until_complete finished with '0'
[83.301s] DEBUG:colcon.colcon_core.event_reactor:joining thread
[83.711s] INFO:colcon.colcon_core.plugin_system:Skipping extension 'colcon_notification.desktop_notification.terminal_notifier': Not used on non-Darwin systems
[83.711s] INFO:colcon.colcon_core.plugin_system:Skipping extension 'colcon_notification.desktop_notification.win32': Not used on non-Windows systems
[83.712s] INFO:colcon.colcon_notification.desktop_notification:Sending desktop notification using 'notify2'
[84.826s] DEBUG:colcon.colcon_core.event_reactor:joined thread
[84.832s] INFO:colcon.colcon_core.shell:Creating prefix script '/home/zlove/botFire/Autobot/install/local_setup.ps1'
[84.838s] INFO:colcon.colcon_core.shell:Creating prefix util module '/home/zlove/botFire/Autobot/install/_local_setup_util_ps1.py'
[84.844s] INFO:colcon.colcon_core.shell:Creating prefix chain script '/home/zlove/botFire/Autobot/install/setup.ps1'
[84.857s] INFO:colcon.colcon_core.shell:Creating prefix script '/home/zlove/botFire/Autobot/install/local_setup.sh'
[84.861s] INFO:colcon.colcon_core.shell:Creating prefix util module '/home/zlove/botFire/Autobot/install/_local_setup_util_sh.py'
[84.864s] INFO:colcon.colcon_core.shell:Creating prefix chain script '/home/zlove/botFire/Autobot/install/setup.sh'
[84.871s] INFO:colcon.colcon_core.shell:Creating prefix script '/home/zlove/botFire/Autobot/install/local_setup.bash'
[84.874s] INFO:colcon.colcon_core.shell:Creating prefix chain script '/home/zlove/botFire/Autobot/install/setup.bash'
[84.879s] INFO:colcon.colcon_core.shell:Creating prefix script '/home/zlove/botFire/Autobot/install/local_setup.zsh'
[84.884s] INFO:colcon.colcon_core.shell:Creating prefix chain script '/home/zlove/botFire/Autobot/install/setup.zsh'
