running egg_info
creating ../build/robot_killer/robot_killer.egg-info
writing ../build/robot_killer/robot_killer.egg-info/PKG-INFO
writing dependency_links to ../build/robot_killer/robot_killer.egg-info/dependency_links.txt
writing entry points to ../build/robot_killer/robot_killer.egg-info/entry_points.txt
writing requirements to ../build/robot_killer/robot_killer.egg-info/requires.txt
writing top-level names to ../build/robot_killer/robot_killer.egg-info/top_level.txt
writing manifest file '../build/robot_killer/robot_killer.egg-info/SOURCES.txt'
reading manifest file '../build/robot_killer/robot_killer.egg-info/SOURCES.txt'
writing manifest file '../build/robot_killer/robot_killer.egg-info/SOURCES.txt'
running build
running build_py
creating /home/zlove/botFire/Autobot/build/robot_killer/build
creating /home/zlove/botFire/Autobot/build/robot_killer/build/lib
creating /home/zlove/botFire/Autobot/build/robot_killer/build/lib/robot_killer
copying robot_killer/my_node.py -> /home/zlove/botFire/Autobot/build/robot_killer/build/lib/robot_killer
copying robot_killer/__init__.py -> /home/zlove/botFire/Autobot/build/robot_killer/build/lib/robot_killer
running install
running install_lib
creating /home/zlove/botFire/Autobot/install/robot_killer/lib/python3.12/site-packages/robot_killer
copying /home/zlove/botFire/Autobot/build/robot_killer/build/lib/robot_killer/my_node.py -> /home/zlove/botFire/Autobot/install/robot_killer/lib/python3.12/site-packages/robot_killer
copying /home/zlove/botFire/Autobot/build/robot_killer/build/lib/robot_killer/__init__.py -> /home/zlove/botFire/Autobot/install/robot_killer/lib/python3.12/site-packages/robot_killer
byte-compiling /home/zlove/botFire/Autobot/install/robot_killer/lib/python3.12/site-packages/robot_killer/my_node.py to my_node.cpython-312.pyc
byte-compiling /home/zlove/botFire/Autobot/install/robot_killer/lib/python3.12/site-packages/robot_killer/__init__.py to __init__.cpython-312.pyc
running install_data
creating /home/zlove/botFire/Autobot/install/robot_killer/share/ament_index
creating /home/zlove/botFire/Autobot/install/robot_killer/share/ament_index/resource_index
creating /home/zlove/botFire/Autobot/install/robot_killer/share/ament_index/resource_index/packages
copying resource/robot_killer -> /home/zlove/botFire/Autobot/install/robot_killer/share/ament_index/resource_index/packages
copying package.xml -> /home/zlove/botFire/Autobot/install/robot_killer/share/robot_killer
running install_egg_info
Copying ../build/robot_killer/robot_killer.egg-info to /home/zlove/botFire/Autobot/install/robot_killer/lib/python3.12/site-packages/robot_killer-0.0.0-py3.12.egg-info
running install_scripts
Installing my_node script to /home/zlove/botFire/Autobot/install/robot_killer/lib/robot_killer
writing list of installed files to '/home/zlove/botFire/Autobot/build/robot_killer/install.log'
