[2.225s] Invoking command in '/home/zlove/botFire/Autobot/robot_killer': AMENT_PREFIX_PATH=/home/zlove/botFire/Autobot/install/urdf_tutorial:/home/zlove/botFire/Autobot/install/twist_to_ackermann:/home/zlove/botFire/Autobot/install/robot_killer:/home/zlove/botFire/Autobot/install/sllidar_ros2:/home/zlove/botFire/Autobot/install/robot_description:/home/zlove/ros2_ws/install/my_robot_slam:/home/zlove/ros2_ws/install/my_robot_simulation:/home/zlove/ros2_ws/install/my_robot_description:/opt/ros/jazzy DEBUGINFOD_URLS=https://debuginfod.ubuntu.com PYTHONPATH=/home/zlove/botFire/Autobot/build/robot_killer/prefix_override:/usr/lib/python3/dist-packages/colcon_core/task/python/colcon_distutils_commands:/home/zlove/botFire/Autobot/install/robot_killer/lib/python3.12/site-packages:/home/zlove/botFire/Autobot/install/urdf_tutorial/lib/python3.12/site-packages:/home/zlove/botFire/Autobot/install/twist_to_ackermann/lib/python3.12/site-packages:/home/zlove/botFire/Autobot/install/robot_killer/lib/python3.12/site-packages:/home/zlove/botFire/Autobot/install/robot_description/lib/python3.12/site-packages:/home/zlove/ros2_ws/install/my_robot_slam/lib/python3.12/site-packages:/opt/ros/jazzy/lib/python3.12/site-packages /usr/bin/python3 -W ignore:setup.py install is deprecated -W ignore:easy_install command is deprecated setup.py egg_info --egg-base ../build/robot_killer build --build-base /home/zlove/botFire/Autobot/build/robot_killer/build install --record /home/zlove/botFire/Autobot/build/robot_killer/install.log --single-version-externally-managed install_data
[2.784s] running egg_info
[2.828s] writing ../build/robot_killer/robot_killer.egg-info/PKG-INFO
[2.828s] writing dependency_links to ../build/robot_killer/robot_killer.egg-info/dependency_links.txt
[2.828s] writing requirements to ../build/robot_killer/robot_killer.egg-info/requires.txt
[2.828s] writing top-level names to ../build/robot_killer/robot_killer.egg-info/top_level.txt
[2.905s] reading manifest file '../build/robot_killer/robot_killer.egg-info/SOURCES.txt'
[2.907s] writing manifest file '../build/robot_killer/robot_killer.egg-info/SOURCES.txt'
[2.907s] running build
[2.908s] running build_py
[2.908s] running install
[2.916s] running install_lib
[2.958s] running install_data
[2.958s] copying launch/lidar.launch.py -> /home/zlove/botFire/Autobot/install/robot_killer/share/robot_killer/launch
[2.959s] running install_egg_info
[3.006s] removing '/home/zlove/botFire/Autobot/install/robot_killer/lib/python3.12/site-packages/robot_killer-0.0.1-py3.12.egg-info' (and everything under it)
[3.008s] Copying ../build/robot_killer/robot_killer.egg-info to /home/zlove/botFire/Autobot/install/robot_killer/lib/python3.12/site-packages/robot_killer-0.0.1-py3.12.egg-info
[3.011s] running install_scripts
[3.291s] writing list of installed files to '/home/zlove/botFire/Autobot/build/robot_killer/install.log'
[3.336s] Invoked command in '/home/zlove/botFire/Autobot/robot_killer' returned '0': AMENT_PREFIX_PATH=/home/zlove/botFire/Autobot/install/urdf_tutorial:/home/zlove/botFire/Autobot/install/twist_to_ackermann:/home/zlove/botFire/Autobot/install/robot_killer:/home/zlove/botFire/Autobot/install/sllidar_ros2:/home/zlove/botFire/Autobot/install/robot_description:/home/zlove/ros2_ws/install/my_robot_slam:/home/zlove/ros2_ws/install/my_robot_simulation:/home/zlove/ros2_ws/install/my_robot_description:/opt/ros/jazzy DEBUGINFOD_URLS=https://debuginfod.ubuntu.com PYTHONPATH=/home/zlove/botFire/Autobot/build/robot_killer/prefix_override:/usr/lib/python3/dist-packages/colcon_core/task/python/colcon_distutils_commands:/home/zlove/botFire/Autobot/install/robot_killer/lib/python3.12/site-packages:/home/zlove/botFire/Autobot/install/urdf_tutorial/lib/python3.12/site-packages:/home/zlove/botFire/Autobot/install/twist_to_ackermann/lib/python3.12/site-packages:/home/zlove/botFire/Autobot/install/robot_killer/lib/python3.12/site-packages:/home/zlove/botFire/Autobot/install/robot_description/lib/python3.12/site-packages:/home/zlove/ros2_ws/install/my_robot_slam/lib/python3.12/site-packages:/opt/ros/jazzy/lib/python3.12/site-packages /usr/bin/python3 -W ignore:setup.py install is deprecated -W ignore:easy_install command is deprecated setup.py egg_info --egg-base ../build/robot_killer build --build-base /home/zlove/botFire/Autobot/build/robot_killer/build install --record /home/zlove/botFire/Autobot/build/robot_killer/install.log --single-version-externally-managed install_data
