[0.609s] DEBUG:colcon:Command line arguments: ['/usr/bin/colcon', 'build']
[0.609s] DEBUG:colcon:Parsed command line arguments: Namespace(log_base=None, log_level=None, verb_name='build', build_base='build', install_base='install', merge_install=False, symlink_install=False, test_result_base=None, continue_on_error=False, executor='parallel', parallel_workers=6, event_handlers=None, ignore_user_meta=False, metas=['./colcon.meta'], base_paths=['.'], packages_ignore=None, packages_ignore_regex=None, paths=None, packages_up_to=None, packages_up_to_regex=None, packages_above=None, packages_above_and_dependencies=None, packages_above_depth=None, packages_select_by_dep=None, packages_skip_by_dep=None, packages_skip_up_to=None, packages_select_build_failed=False, packages_skip_build_finished=False, packages_select_test_failures=False, packages_skip_test_passed=False, packages_select=None, packages_skip=None, packages_select_regex=None, packages_skip_regex=None, packages_start=None, packages_end=None, allow_overriding=[], cmake_args=None, cmake_target=None, cmake_target_skip_unavailable=False, cmake_clean_cache=False, cmake_clean_first=False, cmake_force_configure=False, ament_cmake_args=None, catkin_cmake_args=None, catkin_skip_building_tests=False, mixin_files=None, mixin=None, verb_parser=<colcon_mixin.mixin.mixin_argument.MixinArgumentDecorator object at 0x7eab505885f0>, verb_extension=<colcon_core.verb.build.BuildVerb object at 0x7eab50588260>, main=<bound method BuildVerb.main of <colcon_core.verb.build.BuildVerb object at 0x7eab50588260>>, mixin_verb=('build',))
[0.743s] Level 1:colcon.colcon_core.package_discovery:discover_packages(colcon_meta) check parameters
[0.743s] Level 1:colcon.colcon_core.package_discovery:discover_packages(recursive) check parameters
[0.743s] Level 1:colcon.colcon_core.package_discovery:discover_packages(ignore) check parameters
[0.743s] Level 1:colcon.colcon_core.package_discovery:discover_packages(path) check parameters
[0.743s] Level 1:colcon.colcon_core.package_discovery:discover_packages(colcon_meta) discover
[0.743s] Level 1:colcon.colcon_core.package_discovery:discover_packages(recursive) discover
[0.743s] INFO:colcon.colcon_core.package_discovery:Crawling recursively for packages in '/home/zlove/botFire/Autobot'
[0.743s] Level 1:colcon.colcon_core.package_identification:_identify(.) by extensions ['ignore', 'ignore_ament_install']
[0.744s] Level 1:colcon.colcon_core.package_identification:_identify(.) by extension 'ignore'
[0.744s] Level 1:colcon.colcon_core.package_identification:_identify(.) by extension 'ignore_ament_install'
[0.744s] Level 1:colcon.colcon_core.package_identification:_identify(.) by extensions ['colcon_pkg']
[0.744s] Level 1:colcon.colcon_core.package_identification:_identify(.) by extension 'colcon_pkg'
[0.744s] Level 1:colcon.colcon_core.package_identification:_identify(.) by extensions ['colcon_meta']
[0.744s] Level 1:colcon.colcon_core.package_identification:_identify(.) by extension 'colcon_meta'
[0.744s] Level 1:colcon.colcon_core.package_identification:_identify(.) by extensions ['ros']
[0.744s] Level 1:colcon.colcon_core.package_identification:_identify(.) by extension 'ros'
[0.814s] Level 1:colcon.colcon_core.package_identification:_identify(.) by extensions ['cmake', 'python']
[0.814s] Level 1:colcon.colcon_core.package_identification:_identify(.) by extension 'cmake'
[0.815s] Level 1:colcon.colcon_core.package_identification:_identify(.) by extension 'python'
[0.815s] Level 1:colcon.colcon_core.package_identification:_identify(.) by extensions ['python_setup_py']
[0.815s] Level 1:colcon.colcon_core.package_identification:_identify(.) by extension 'python_setup_py'
[0.816s] Level 1:colcon.colcon_core.package_identification:_identify(bno055) by extensions ['ignore', 'ignore_ament_install']
[0.817s] Level 1:colcon.colcon_core.package_identification:_identify(bno055) by extension 'ignore'
[0.817s] Level 1:colcon.colcon_core.package_identification:_identify(bno055) by extension 'ignore_ament_install'
[0.817s] Level 1:colcon.colcon_core.package_identification:_identify(bno055) by extensions ['colcon_pkg']
[0.817s] Level 1:colcon.colcon_core.package_identification:_identify(bno055) by extension 'colcon_pkg'
[0.817s] Level 1:colcon.colcon_core.package_identification:_identify(bno055) by extensions ['colcon_meta']
[0.818s] Level 1:colcon.colcon_core.package_identification:_identify(bno055) by extension 'colcon_meta'
[0.818s] Level 1:colcon.colcon_core.package_identification:_identify(bno055) by extensions ['ros']
[0.818s] Level 1:colcon.colcon_core.package_identification:_identify(bno055) by extension 'ros'
[0.818s] Level 1:colcon.colcon_core.package_identification:_identify(bno055) by extensions ['cmake', 'python']
[0.818s] Level 1:colcon.colcon_core.package_identification:_identify(bno055) by extension 'cmake'
[0.818s] Level 1:colcon.colcon_core.package_identification:_identify(bno055) by extension 'python'
[0.818s] Level 1:colcon.colcon_core.package_identification:_identify(bno055) by extensions ['python_setup_py']
[0.819s] Level 1:colcon.colcon_core.package_identification:_identify(bno055) by extension 'python_setup_py'
[0.819s] Level 1:colcon.colcon_core.package_identification:_identify(build) by extensions ['ignore', 'ignore_ament_install']
[0.820s] Level 1:colcon.colcon_core.package_identification:_identify(build) by extension 'ignore'
[0.820s] Level 1:colcon.colcon_core.package_identification:_identify(build) ignored
[0.820s] Level 1:colcon.colcon_core.package_identification:_identify(install) by extensions ['ignore', 'ignore_ament_install']
[0.820s] Level 1:colcon.colcon_core.package_identification:_identify(install) by extension 'ignore'
[0.820s] Level 1:colcon.colcon_core.package_identification:_identify(install) ignored
[0.821s] Level 1:colcon.colcon_core.package_identification:_identify(log) by extensions ['ignore', 'ignore_ament_install']
[0.821s] Level 1:colcon.colcon_core.package_identification:_identify(log) by extension 'ignore'
[0.821s] Level 1:colcon.colcon_core.package_identification:_identify(log) ignored
[0.822s] Level 1:colcon.colcon_core.package_identification:_identify(nav2) by extensions ['ignore', 'ignore_ament_install']
[0.822s] Level 1:colcon.colcon_core.package_identification:_identify(nav2) by extension 'ignore'
[0.823s] Level 1:colcon.colcon_core.package_identification:_identify(nav2) by extension 'ignore_ament_install'
[0.823s] Level 1:colcon.colcon_core.package_identification:_identify(nav2) by extensions ['colcon_pkg']
[0.823s] Level 1:colcon.colcon_core.package_identification:_identify(nav2) by extension 'colcon_pkg'
[0.823s] Level 1:colcon.colcon_core.package_identification:_identify(nav2) by extensions ['colcon_meta']
[0.823s] Level 1:colcon.colcon_core.package_identification:_identify(nav2) by extension 'colcon_meta'
[0.823s] Level 1:colcon.colcon_core.package_identification:_identify(nav2) by extensions ['ros']
[0.824s] Level 1:colcon.colcon_core.package_identification:_identify(nav2) by extension 'ros'
[0.824s] Level 1:colcon.colcon_core.package_identification:_identify(nav2) by extensions ['cmake', 'python']
[0.824s] Level 1:colcon.colcon_core.package_identification:_identify(nav2) by extension 'cmake'
[0.824s] Level 1:colcon.colcon_core.package_identification:_identify(nav2) by extension 'python'
[0.824s] Level 1:colcon.colcon_core.package_identification:_identify(nav2) by extensions ['python_setup_py']
[0.824s] Level 1:colcon.colcon_core.package_identification:_identify(nav2) by extension 'python_setup_py'
[0.825s] Level 1:colcon.colcon_core.package_identification:_identify(nav2_wavefront_frontier_exploration) by extensions ['ignore', 'ignore_ament_install']
[0.826s] Level 1:colcon.colcon_core.package_identification:_identify(nav2_wavefront_frontier_exploration) by extension 'ignore'
[0.826s] Level 1:colcon.colcon_core.package_identification:_identify(nav2_wavefront_frontier_exploration) by extension 'ignore_ament_install'
[0.826s] Level 1:colcon.colcon_core.package_identification:_identify(nav2_wavefront_frontier_exploration) by extensions ['colcon_pkg']
[0.826s] Level 1:colcon.colcon_core.package_identification:_identify(nav2_wavefront_frontier_exploration) by extension 'colcon_pkg'
[0.826s] Level 1:colcon.colcon_core.package_identification:_identify(nav2_wavefront_frontier_exploration) by extensions ['colcon_meta']
[0.826s] Level 1:colcon.colcon_core.package_identification:_identify(nav2_wavefront_frontier_exploration) by extension 'colcon_meta'
[0.827s] Level 1:colcon.colcon_core.package_identification:_identify(nav2_wavefront_frontier_exploration) by extensions ['ros']
[0.827s] Level 1:colcon.colcon_core.package_identification:_identify(nav2_wavefront_frontier_exploration) by extension 'ros'
[0.827s] Level 1:colcon.colcon_core.package_identification:_identify(nav2_wavefront_frontier_exploration) by extensions ['cmake', 'python']
[0.827s] Level 1:colcon.colcon_core.package_identification:_identify(nav2_wavefront_frontier_exploration) by extension 'cmake'
[0.828s] Level 1:colcon.colcon_core.package_identification:_identify(nav2_wavefront_frontier_exploration) by extension 'python'
[0.828s] Level 1:colcon.colcon_core.package_identification:_identify(nav2_wavefront_frontier_exploration) by extensions ['python_setup_py']
[0.828s] Level 1:colcon.colcon_core.package_identification:_identify(nav2_wavefront_frontier_exploration) by extension 'python_setup_py'
[0.829s] Level 1:colcon.colcon_core.package_identification:_identify(robot_description_ignore) by extensions ['ignore', 'ignore_ament_install']
[0.829s] Level 1:colcon.colcon_core.package_identification:_identify(robot_description_ignore) by extension 'ignore'
[0.829s] Level 1:colcon.colcon_core.package_identification:_identify(robot_description_ignore) by extension 'ignore_ament_install'
[0.830s] Level 1:colcon.colcon_core.package_identification:_identify(robot_description_ignore) by extensions ['colcon_pkg']
[0.830s] Level 1:colcon.colcon_core.package_identification:_identify(robot_description_ignore) by extension 'colcon_pkg'
[0.830s] Level 1:colcon.colcon_core.package_identification:_identify(robot_description_ignore) by extensions ['colcon_meta']
[0.830s] Level 1:colcon.colcon_core.package_identification:_identify(robot_description_ignore) by extension 'colcon_meta'
[0.830s] Level 1:colcon.colcon_core.package_identification:_identify(robot_description_ignore) by extensions ['ros']
[0.830s] Level 1:colcon.colcon_core.package_identification:_identify(robot_description_ignore) by extension 'ros'
[0.842s] DEBUG:colcon.colcon_core.package_identification:Package 'robot_description_ignore' with type 'ros.ament_python' and name 'robot_description'
[0.843s] Level 1:colcon.colcon_core.package_identification:_identify(robot_killer) by extensions ['ignore', 'ignore_ament_install']
[0.844s] Level 1:colcon.colcon_core.package_identification:_identify(robot_killer) by extension 'ignore'
[0.844s] Level 1:colcon.colcon_core.package_identification:_identify(robot_killer) by extension 'ignore_ament_install'
[0.844s] Level 1:colcon.colcon_core.package_identification:_identify(robot_killer) by extensions ['colcon_pkg']
[0.844s] Level 1:colcon.colcon_core.package_identification:_identify(robot_killer) by extension 'colcon_pkg'
[0.844s] Level 1:colcon.colcon_core.package_identification:_identify(robot_killer) by extensions ['colcon_meta']
[0.844s] Level 1:colcon.colcon_core.package_identification:_identify(robot_killer) by extension 'colcon_meta'
[0.845s] Level 1:colcon.colcon_core.package_identification:_identify(robot_killer) by extensions ['ros']
[0.845s] Level 1:colcon.colcon_core.package_identification:_identify(robot_killer) by extension 'ros'
[0.852s] DEBUG:colcon.colcon_core.package_identification:Package 'robot_killer' with type 'ros.ament_python' and name 'robot_killer'
[0.853s] Level 1:colcon.colcon_core.package_identification:_identify(slam_toolbox) by extensions ['ignore', 'ignore_ament_install']
[0.853s] Level 1:colcon.colcon_core.package_identification:_identify(slam_toolbox) by extension 'ignore'
[0.853s] Level 1:colcon.colcon_core.package_identification:_identify(slam_toolbox) by extension 'ignore_ament_install'
[0.853s] Level 1:colcon.colcon_core.package_identification:_identify(slam_toolbox) by extensions ['colcon_pkg']
[0.854s] Level 1:colcon.colcon_core.package_identification:_identify(slam_toolbox) by extension 'colcon_pkg'
[0.854s] Level 1:colcon.colcon_core.package_identification:_identify(slam_toolbox) by extensions ['colcon_meta']
[0.854s] Level 1:colcon.colcon_core.package_identification:_identify(slam_toolbox) by extension 'colcon_meta'
[0.854s] Level 1:colcon.colcon_core.package_identification:_identify(slam_toolbox) by extensions ['ros']
[0.854s] Level 1:colcon.colcon_core.package_identification:_identify(slam_toolbox) by extension 'ros'
[0.854s] Level 1:colcon.colcon_core.package_identification:_identify(slam_toolbox) by extensions ['cmake', 'python']
[0.854s] Level 1:colcon.colcon_core.package_identification:_identify(slam_toolbox) by extension 'cmake'
[0.854s] Level 1:colcon.colcon_core.package_identification:_identify(slam_toolbox) by extension 'python'
[0.854s] Level 1:colcon.colcon_core.package_identification:_identify(slam_toolbox) by extensions ['python_setup_py']
[0.854s] Level 1:colcon.colcon_core.package_identification:_identify(slam_toolbox) by extension 'python_setup_py'
[0.854s] Level 1:colcon.colcon_core.package_identification:_identify(sllidar_ros2) by extensions ['ignore', 'ignore_ament_install']
[0.855s] Level 1:colcon.colcon_core.package_identification:_identify(sllidar_ros2) by extension 'ignore'
[0.855s] Level 1:colcon.colcon_core.package_identification:_identify(sllidar_ros2) by extension 'ignore_ament_install'
[0.855s] Level 1:colcon.colcon_core.package_identification:_identify(sllidar_ros2) by extensions ['colcon_pkg']
[0.855s] Level 1:colcon.colcon_core.package_identification:_identify(sllidar_ros2) by extension 'colcon_pkg'
[0.855s] Level 1:colcon.colcon_core.package_identification:_identify(sllidar_ros2) by extensions ['colcon_meta']
[0.855s] Level 1:colcon.colcon_core.package_identification:_identify(sllidar_ros2) by extension 'colcon_meta'
[0.855s] Level 1:colcon.colcon_core.package_identification:_identify(sllidar_ros2) by extensions ['ros']
[0.855s] Level 1:colcon.colcon_core.package_identification:_identify(sllidar_ros2) by extension 'ros'
[0.855s] Level 1:colcon.colcon_core.package_identification:_identify(sllidar_ros2) by extensions ['cmake', 'python']
[0.855s] Level 1:colcon.colcon_core.package_identification:_identify(sllidar_ros2) by extension 'cmake'
[0.856s] Level 1:colcon.colcon_core.package_identification:_identify(sllidar_ros2) by extension 'python'
[0.856s] Level 1:colcon.colcon_core.package_identification:_identify(sllidar_ros2) by extensions ['python_setup_py']
[0.856s] Level 1:colcon.colcon_core.package_identification:_identify(sllidar_ros2) by extension 'python_setup_py'
[0.856s] Level 1:colcon.colcon_core.package_identification:_identify(twist_to_ackermann) by extensions ['ignore', 'ignore_ament_install']
[0.856s] Level 1:colcon.colcon_core.package_identification:_identify(twist_to_ackermann) by extension 'ignore'
[0.856s] Level 1:colcon.colcon_core.package_identification:_identify(twist_to_ackermann) by extension 'ignore_ament_install'
[0.856s] Level 1:colcon.colcon_core.package_identification:_identify(twist_to_ackermann) by extensions ['colcon_pkg']
[0.856s] Level 1:colcon.colcon_core.package_identification:_identify(twist_to_ackermann) by extension 'colcon_pkg'
[0.857s] Level 1:colcon.colcon_core.package_identification:_identify(twist_to_ackermann) by extensions ['colcon_meta']
[0.857s] Level 1:colcon.colcon_core.package_identification:_identify(twist_to_ackermann) by extension 'colcon_meta'
[0.857s] Level 1:colcon.colcon_core.package_identification:_identify(twist_to_ackermann) by extensions ['ros']
[0.857s] Level 1:colcon.colcon_core.package_identification:_identify(twist_to_ackermann) by extension 'ros'
[0.859s] DEBUG:colcon.colcon_core.package_identification:Package 'twist_to_ackermann' with type 'ros.ament_python' and name 'twist_to_ackermann'
[0.859s] Level 1:colcon.colcon_core.package_identification:_identify(urdf_tutorial) by extensions ['ignore', 'ignore_ament_install']
[0.859s] Level 1:colcon.colcon_core.package_identification:_identify(urdf_tutorial) by extension 'ignore'
[0.859s] Level 1:colcon.colcon_core.package_identification:_identify(urdf_tutorial) by extension 'ignore_ament_install'
[0.860s] Level 1:colcon.colcon_core.package_identification:_identify(urdf_tutorial) by extensions ['colcon_pkg']
[0.860s] Level 1:colcon.colcon_core.package_identification:_identify(urdf_tutorial) by extension 'colcon_pkg'
[0.860s] Level 1:colcon.colcon_core.package_identification:_identify(urdf_tutorial) by extensions ['colcon_meta']
[0.860s] Level 1:colcon.colcon_core.package_identification:_identify(urdf_tutorial) by extension 'colcon_meta'
[0.860s] Level 1:colcon.colcon_core.package_identification:_identify(urdf_tutorial) by extensions ['ros']
[0.860s] Level 1:colcon.colcon_core.package_identification:_identify(urdf_tutorial) by extension 'ros'
[0.861s] DEBUG:colcon.colcon_core.package_identification:Package 'urdf_tutorial' with type 'ros.ament_python' and name 'urdf_tutorial'
[0.861s] Level 1:colcon.colcon_core.package_discovery:discover_packages(recursive) using defaults
[0.861s] Level 1:colcon.colcon_core.package_discovery:discover_packages(ignore) discover
[0.861s] Level 1:colcon.colcon_core.package_discovery:discover_packages(ignore) using defaults
[0.861s] Level 1:colcon.colcon_core.package_discovery:discover_packages(path) discover
[0.861s] Level 1:colcon.colcon_core.package_discovery:discover_packages(path) using defaults
[0.901s] Level 1:colcon.colcon_core.package_discovery:discover_packages(prefix_path) check parameters
[0.902s] Level 1:colcon.colcon_core.package_discovery:discover_packages(prefix_path) discover
[0.909s] DEBUG:colcon.colcon_installed_package_information.package_discovery:Found 3 installed packages in /home/zlove/ros2_ws/install
[0.913s] DEBUG:colcon.colcon_installed_package_information.package_discovery:Found 386 installed packages in /opt/ros/jazzy
[0.916s] Level 1:colcon.colcon_core.package_discovery:discover_packages(prefix_path) using defaults
[1.091s] Level 5:colcon.colcon_core.verb:set package 'robot_description' build argument 'cmake_args' from command line to 'None'
[1.091s] Level 5:colcon.colcon_core.verb:set package 'robot_description' build argument 'cmake_target' from command line to 'None'
[1.091s] Level 5:colcon.colcon_core.verb:set package 'robot_description' build argument 'cmake_target_skip_unavailable' from command line to 'False'
[1.091s] Level 5:colcon.colcon_core.verb:set package 'robot_description' build argument 'cmake_clean_cache' from command line to 'False'
[1.091s] Level 5:colcon.colcon_core.verb:set package 'robot_description' build argument 'cmake_clean_first' from command line to 'False'
[1.091s] Level 5:colcon.colcon_core.verb:set package 'robot_description' build argument 'cmake_force_configure' from command line to 'False'
[1.091s] Level 5:colcon.colcon_core.verb:set package 'robot_description' build argument 'ament_cmake_args' from command line to 'None'
[1.091s] Level 5:colcon.colcon_core.verb:set package 'robot_description' build argument 'catkin_cmake_args' from command line to 'None'
[1.091s] Level 5:colcon.colcon_core.verb:set package 'robot_description' build argument 'catkin_skip_building_tests' from command line to 'False'
[1.091s] DEBUG:colcon.colcon_core.verb:Building package 'robot_description' with the following arguments: {'ament_cmake_args': None, 'build_base': '/home/zlove/botFire/Autobot/build/robot_description', 'catkin_cmake_args': None, 'catkin_skip_building_tests': False, 'cmake_args': None, 'cmake_clean_cache': False, 'cmake_clean_first': False, 'cmake_force_configure': False, 'cmake_target': None, 'cmake_target_skip_unavailable': False, 'install_base': '/home/zlove/botFire/Autobot/install/robot_description', 'merge_install': False, 'path': '/home/zlove/botFire/Autobot/robot_description_ignore', 'symlink_install': False, 'test_result_base': None}
[1.092s] Level 5:colcon.colcon_core.verb:set package 'twist_to_ackermann' build argument 'cmake_args' from command line to 'None'
[1.092s] Level 5:colcon.colcon_core.verb:set package 'twist_to_ackermann' build argument 'cmake_target' from command line to 'None'
[1.092s] Level 5:colcon.colcon_core.verb:set package 'twist_to_ackermann' build argument 'cmake_target_skip_unavailable' from command line to 'False'
[1.092s] Level 5:colcon.colcon_core.verb:set package 'twist_to_ackermann' build argument 'cmake_clean_cache' from command line to 'False'
[1.092s] Level 5:colcon.colcon_core.verb:set package 'twist_to_ackermann' build argument 'cmake_clean_first' from command line to 'False'
[1.092s] Level 5:colcon.colcon_core.verb:set package 'twist_to_ackermann' build argument 'cmake_force_configure' from command line to 'False'
[1.092s] Level 5:colcon.colcon_core.verb:set package 'twist_to_ackermann' build argument 'ament_cmake_args' from command line to 'None'
[1.092s] Level 5:colcon.colcon_core.verb:set package 'twist_to_ackermann' build argument 'catkin_cmake_args' from command line to 'None'
[1.092s] Level 5:colcon.colcon_core.verb:set package 'twist_to_ackermann' build argument 'catkin_skip_building_tests' from command line to 'False'
[1.092s] DEBUG:colcon.colcon_core.verb:Building package 'twist_to_ackermann' with the following arguments: {'ament_cmake_args': None, 'build_base': '/home/zlove/botFire/Autobot/build/twist_to_ackermann', 'catkin_cmake_args': None, 'catkin_skip_building_tests': False, 'cmake_args': None, 'cmake_clean_cache': False, 'cmake_clean_first': False, 'cmake_force_configure': False, 'cmake_target': None, 'cmake_target_skip_unavailable': False, 'install_base': '/home/zlove/botFire/Autobot/install/twist_to_ackermann', 'merge_install': False, 'path': '/home/zlove/botFire/Autobot/twist_to_ackermann', 'symlink_install': False, 'test_result_base': None}
[1.093s] Level 5:colcon.colcon_core.verb:set package 'urdf_tutorial' build argument 'cmake_args' from command line to 'None'
[1.093s] Level 5:colcon.colcon_core.verb:set package 'urdf_tutorial' build argument 'cmake_target' from command line to 'None'
[1.093s] Level 5:colcon.colcon_core.verb:set package 'urdf_tutorial' build argument 'cmake_target_skip_unavailable' from command line to 'False'
[1.093s] Level 5:colcon.colcon_core.verb:set package 'urdf_tutorial' build argument 'cmake_clean_cache' from command line to 'False'
[1.093s] Level 5:colcon.colcon_core.verb:set package 'urdf_tutorial' build argument 'cmake_clean_first' from command line to 'False'
[1.093s] Level 5:colcon.colcon_core.verb:set package 'urdf_tutorial' build argument 'cmake_force_configure' from command line to 'False'
[1.093s] Level 5:colcon.colcon_core.verb:set package 'urdf_tutorial' build argument 'ament_cmake_args' from command line to 'None'
[1.093s] Level 5:colcon.colcon_core.verb:set package 'urdf_tutorial' build argument 'catkin_cmake_args' from command line to 'None'
[1.093s] Level 5:colcon.colcon_core.verb:set package 'urdf_tutorial' build argument 'catkin_skip_building_tests' from command line to 'False'
[1.093s] DEBUG:colcon.colcon_core.verb:Building package 'urdf_tutorial' with the following arguments: {'ament_cmake_args': None, 'build_base': '/home/zlove/botFire/Autobot/build/urdf_tutorial', 'catkin_cmake_args': None, 'catkin_skip_building_tests': False, 'cmake_args': None, 'cmake_clean_cache': False, 'cmake_clean_first': False, 'cmake_force_configure': False, 'cmake_target': None, 'cmake_target_skip_unavailable': False, 'install_base': '/home/zlove/botFire/Autobot/install/urdf_tutorial', 'merge_install': False, 'path': '/home/zlove/botFire/Autobot/urdf_tutorial', 'symlink_install': False, 'test_result_base': None}
[1.093s] Level 5:colcon.colcon_core.verb:set package 'robot_killer' build argument 'cmake_args' from command line to 'None'
[1.093s] Level 5:colcon.colcon_core.verb:set package 'robot_killer' build argument 'cmake_target' from command line to 'None'
[1.093s] Level 5:colcon.colcon_core.verb:set package 'robot_killer' build argument 'cmake_target_skip_unavailable' from command line to 'False'
[1.093s] Level 5:colcon.colcon_core.verb:set package 'robot_killer' build argument 'cmake_clean_cache' from command line to 'False'
[1.093s] Level 5:colcon.colcon_core.verb:set package 'robot_killer' build argument 'cmake_clean_first' from command line to 'False'
[1.094s] Level 5:colcon.colcon_core.verb:set package 'robot_killer' build argument 'cmake_force_configure' from command line to 'False'
[1.094s] Level 5:colcon.colcon_core.verb:set package 'robot_killer' build argument 'ament_cmake_args' from command line to 'None'
[1.094s] Level 5:colcon.colcon_core.verb:set package 'robot_killer' build argument 'catkin_cmake_args' from command line to 'None'
[1.094s] Level 5:colcon.colcon_core.verb:set package 'robot_killer' build argument 'catkin_skip_building_tests' from command line to 'False'
[1.094s] DEBUG:colcon.colcon_core.verb:Building package 'robot_killer' with the following arguments: {'ament_cmake_args': None, 'build_base': '/home/zlove/botFire/Autobot/build/robot_killer', 'catkin_cmake_args': None, 'catkin_skip_building_tests': False, 'cmake_args': None, 'cmake_clean_cache': False, 'cmake_clean_first': False, 'cmake_force_configure': False, 'cmake_target': None, 'cmake_target_skip_unavailable': False, 'install_base': '/home/zlove/botFire/Autobot/install/robot_killer', 'merge_install': False, 'path': '/home/zlove/botFire/Autobot/robot_killer', 'symlink_install': False, 'test_result_base': None}
[1.094s] INFO:colcon.colcon_core.executor:Executing jobs using 'parallel' executor
[1.095s] DEBUG:colcon.colcon_parallel_executor.executor.parallel:run_until_complete
[1.095s] INFO:colcon.colcon_ros.task.ament_python.build:Building ROS package in '/home/zlove/botFire/Autobot/twist_to_ackermann' with build type 'ament_python'
[1.096s] Level 1:colcon.colcon_core.shell:create_environment_hook('twist_to_ackermann', 'ament_prefix_path')
[1.105s] INFO:colcon.colcon_core.plugin_system:Skipping extension 'colcon_core.shell.bat': Not used on non-Windows systems
[1.105s] INFO:colcon.colcon_core.shell:Creating environment hook '/home/zlove/botFire/Autobot/install/twist_to_ackermann/share/twist_to_ackermann/hook/ament_prefix_path.ps1'
[1.107s] INFO:colcon.colcon_core.shell:Creating environment descriptor '/home/zlove/botFire/Autobot/install/twist_to_ackermann/share/twist_to_ackermann/hook/ament_prefix_path.dsv'
[1.110s] INFO:colcon.colcon_core.shell:Creating environment hook '/home/zlove/botFire/Autobot/install/twist_to_ackermann/share/twist_to_ackermann/hook/ament_prefix_path.sh'
[1.111s] INFO:colcon.colcon_core.shell:Skip shell extension 'powershell' for command environment: Not usable outside of PowerShell
[1.111s] DEBUG:colcon.colcon_core.shell:Skip shell extension 'dsv' for command environment
[1.121s] INFO:colcon.colcon_ros.task.ament_python.build:Building ROS package in '/home/zlove/botFire/Autobot/urdf_tutorial' with build type 'ament_python'
[1.121s] Level 1:colcon.colcon_core.shell:create_environment_hook('urdf_tutorial', 'ament_prefix_path')
[1.122s] INFO:colcon.colcon_core.shell:Creating environment hook '/home/zlove/botFire/Autobot/install/urdf_tutorial/share/urdf_tutorial/hook/ament_prefix_path.ps1'
[1.123s] INFO:colcon.colcon_core.shell:Creating environment descriptor '/home/zlove/botFire/Autobot/install/urdf_tutorial/share/urdf_tutorial/hook/ament_prefix_path.dsv'
[1.124s] INFO:colcon.colcon_core.shell:Creating environment hook '/home/zlove/botFire/Autobot/install/urdf_tutorial/share/urdf_tutorial/hook/ament_prefix_path.sh'
[1.124s] INFO:colcon.colcon_core.shell:Skip shell extension 'powershell' for command environment: Not usable outside of PowerShell
[1.124s] DEBUG:colcon.colcon_core.shell:Skip shell extension 'dsv' for command environment
[1.150s] INFO:colcon.colcon_ros.task.ament_python.build:Building ROS package in '/home/zlove/botFire/Autobot/robot_description_ignore' with build type 'ament_python'
[1.150s] Level 1:colcon.colcon_core.shell:create_environment_hook('robot_description', 'ament_prefix_path')
[1.150s] INFO:colcon.colcon_core.shell:Creating environment hook '/home/zlove/botFire/Autobot/install/robot_description/share/robot_description/hook/ament_prefix_path.ps1'
[1.153s] INFO:colcon.colcon_core.shell:Creating environment descriptor '/home/zlove/botFire/Autobot/install/robot_description/share/robot_description/hook/ament_prefix_path.dsv'
[1.153s] INFO:colcon.colcon_core.shell:Creating environment hook '/home/zlove/botFire/Autobot/install/robot_description/share/robot_description/hook/ament_prefix_path.sh'
[1.154s] INFO:colcon.colcon_core.shell:Skip shell extension 'powershell' for command environment: Not usable outside of PowerShell
[1.155s] DEBUG:colcon.colcon_core.shell:Skip shell extension 'dsv' for command environment
[1.569s] INFO:colcon.colcon_core.task.python.build:Building Python package in '/home/zlove/botFire/Autobot/twist_to_ackermann'
[1.569s] INFO:colcon.colcon_core.shell:Skip shell extension 'powershell' for command environment: Not usable outside of PowerShell
[1.569s] DEBUG:colcon.colcon_core.shell:Skip shell extension 'dsv' for command environment
[1.876s] INFO:colcon.colcon_core.task.python.build:Building Python package in '/home/zlove/botFire/Autobot/urdf_tutorial'
[1.876s] INFO:colcon.colcon_core.shell:Skip shell extension 'powershell' for command environment: Not usable outside of PowerShell
[1.876s] DEBUG:colcon.colcon_core.shell:Skip shell extension 'dsv' for command environment
[2.198s] INFO:colcon.colcon_core.task.python.build:Building Python package in '/home/zlove/botFire/Autobot/robot_description_ignore'
[2.198s] INFO:colcon.colcon_core.shell:Skip shell extension 'powershell' for command environment: Not usable outside of PowerShell
[2.198s] DEBUG:colcon.colcon_core.shell:Skip shell extension 'dsv' for command environment
[4.014s] DEBUG:colcon.colcon_core.event_handler.log_command:Invoking command in '/home/zlove/botFire/Autobot/twist_to_ackermann': DEBUGINFOD_URLS=https://debuginfod.ubuntu.com PYTHONPATH=/home/zlove/botFire/Autobot/build/twist_to_ackermann/prefix_override:/usr/lib/python3/dist-packages/colcon_core/task/python/colcon_distutils_commands:/home/zlove/botFire/Autobot/install/twist_to_ackermann/lib/python3.12/site-packages:${PYTHONPATH} /usr/bin/python3 -W ignore:setup.py install is deprecated -W ignore:easy_install command is deprecated setup.py egg_info --egg-base ../build/twist_to_ackermann build --build-base /home/zlove/botFire/Autobot/build/twist_to_ackermann/build install --record /home/zlove/botFire/Autobot/build/twist_to_ackermann/install.log --single-version-externally-managed install_data
[4.037s] DEBUG:colcon.colcon_core.event_handler.log_command:Invoking command in '/home/zlove/botFire/Autobot/robot_description_ignore': DEBUGINFOD_URLS=https://debuginfod.ubuntu.com PYTHONPATH=/home/zlove/botFire/Autobot/build/robot_description/prefix_override:/usr/lib/python3/dist-packages/colcon_core/task/python/colcon_distutils_commands:/home/zlove/botFire/Autobot/install/robot_description/lib/python3.12/site-packages:${PYTHONPATH} /usr/bin/python3 -W ignore:setup.py install is deprecated -W ignore:easy_install command is deprecated setup.py egg_info --egg-base ../build/robot_description build --build-base /home/zlove/botFire/Autobot/build/robot_description/build install --record /home/zlove/botFire/Autobot/build/robot_description/install.log --single-version-externally-managed install_data
[4.070s] DEBUG:colcon.colcon_core.event_handler.log_command:Invoking command in '/home/zlove/botFire/Autobot/urdf_tutorial': DEBUGINFOD_URLS=https://debuginfod.ubuntu.com PYTHONPATH=/home/zlove/botFire/Autobot/build/urdf_tutorial/prefix_override:/usr/lib/python3/dist-packages/colcon_core/task/python/colcon_distutils_commands:/home/zlove/botFire/Autobot/install/urdf_tutorial/lib/python3.12/site-packages:${PYTHONPATH} /usr/bin/python3 -W ignore:setup.py install is deprecated -W ignore:easy_install command is deprecated setup.py egg_info --egg-base ../build/urdf_tutorial build --build-base /home/zlove/botFire/Autobot/build/urdf_tutorial/build install --record /home/zlove/botFire/Autobot/build/urdf_tutorial/install.log --single-version-externally-managed install_data
[5.099s] DEBUG:colcon.colcon_core.event_handler.log_command:Invoked command in '/home/zlove/botFire/Autobot/twist_to_ackermann' returned '0': DEBUGINFOD_URLS=https://debuginfod.ubuntu.com PYTHONPATH=/home/zlove/botFire/Autobot/build/twist_to_ackermann/prefix_override:/usr/lib/python3/dist-packages/colcon_core/task/python/colcon_distutils_commands:/home/zlove/botFire/Autobot/install/twist_to_ackermann/lib/python3.12/site-packages:${PYTHONPATH} /usr/bin/python3 -W ignore:setup.py install is deprecated -W ignore:easy_install command is deprecated setup.py egg_info --egg-base ../build/twist_to_ackermann build --build-base /home/zlove/botFire/Autobot/build/twist_to_ackermann/build install --record /home/zlove/botFire/Autobot/build/twist_to_ackermann/install.log --single-version-externally-managed install_data
[5.123s] Level 1:colcon.colcon_core.environment:checking '/home/zlove/botFire/Autobot/install/twist_to_ackermann' for CMake module files
[5.124s] Level 1:colcon.colcon_core.environment:checking '/home/zlove/botFire/Autobot/install/twist_to_ackermann' for CMake config files
[5.125s] Level 1:colcon.colcon_core.environment:checking '/home/zlove/botFire/Autobot/install/twist_to_ackermann/lib'
[5.125s] Level 1:colcon.colcon_core.environment:checking '/home/zlove/botFire/Autobot/install/twist_to_ackermann/bin'
[5.125s] Level 1:colcon.colcon_core.environment:checking '/home/zlove/botFire/Autobot/install/twist_to_ackermann/lib/pkgconfig/twist_to_ackermann.pc'
[5.126s] Level 1:colcon.colcon_core.environment:checking '/home/zlove/botFire/Autobot/install/twist_to_ackermann/lib/python3.12/site-packages'
[5.126s] Level 1:colcon.colcon_core.shell:create_environment_hook('twist_to_ackermann', 'pythonpath')
[5.126s] INFO:colcon.colcon_core.shell:Creating environment hook '/home/zlove/botFire/Autobot/install/twist_to_ackermann/share/twist_to_ackermann/hook/pythonpath.ps1'
[5.128s] INFO:colcon.colcon_core.shell:Creating environment descriptor '/home/zlove/botFire/Autobot/install/twist_to_ackermann/share/twist_to_ackermann/hook/pythonpath.dsv'
[5.129s] INFO:colcon.colcon_core.shell:Creating environment hook '/home/zlove/botFire/Autobot/install/twist_to_ackermann/share/twist_to_ackermann/hook/pythonpath.sh'
[5.130s] Level 1:colcon.colcon_core.environment:checking '/home/zlove/botFire/Autobot/install/twist_to_ackermann/bin'
[5.130s] Level 1:colcon.colcon_core.environment:create_environment_scripts_only(twist_to_ackermann)
[5.130s] INFO:colcon.colcon_core.shell:Creating package script '/home/zlove/botFire/Autobot/install/twist_to_ackermann/share/twist_to_ackermann/package.ps1'
[5.132s] INFO:colcon.colcon_core.shell:Creating package descriptor '/home/zlove/botFire/Autobot/install/twist_to_ackermann/share/twist_to_ackermann/package.dsv'
[5.134s] INFO:colcon.colcon_core.shell:Creating package script '/home/zlove/botFire/Autobot/install/twist_to_ackermann/share/twist_to_ackermann/package.sh'
[5.137s] INFO:colcon.colcon_core.shell:Creating package script '/home/zlove/botFire/Autobot/install/twist_to_ackermann/share/twist_to_ackermann/package.bash'
[5.140s] INFO:colcon.colcon_core.shell:Creating package script '/home/zlove/botFire/Autobot/install/twist_to_ackermann/share/twist_to_ackermann/package.zsh'
[5.143s] Level 1:colcon.colcon_core.environment:create_file_with_runtime_dependencies(/home/zlove/botFire/Autobot/install/twist_to_ackermann/share/colcon-core/packages/twist_to_ackermann)
[5.148s] Level 1:colcon.colcon_core.environment:checking '/home/zlove/botFire/Autobot/install/robot_description' for CMake module files
[5.150s] DEBUG:colcon.colcon_core.event_handler.log_command:Invoked command in '/home/zlove/botFire/Autobot/robot_description_ignore' returned '0': DEBUGINFOD_URLS=https://debuginfod.ubuntu.com PYTHONPATH=/home/zlove/botFire/Autobot/build/robot_description/prefix_override:/usr/lib/python3/dist-packages/colcon_core/task/python/colcon_distutils_commands:/home/zlove/botFire/Autobot/install/robot_description/lib/python3.12/site-packages:${PYTHONPATH} /usr/bin/python3 -W ignore:setup.py install is deprecated -W ignore:easy_install command is deprecated setup.py egg_info --egg-base ../build/robot_description build --build-base /home/zlove/botFire/Autobot/build/robot_description/build install --record /home/zlove/botFire/Autobot/build/robot_description/install.log --single-version-externally-managed install_data
[5.151s] Level 1:colcon.colcon_core.environment:checking '/home/zlove/botFire/Autobot/install/robot_description' for CMake config files
[5.154s] Level 1:colcon.colcon_core.environment:checking '/home/zlove/botFire/Autobot/install/robot_description/lib'
[5.154s] Level 1:colcon.colcon_core.environment:checking '/home/zlove/botFire/Autobot/install/robot_description/bin'
[5.154s] Level 1:colcon.colcon_core.environment:checking '/home/zlove/botFire/Autobot/install/robot_description/lib/pkgconfig/robot_description.pc'
[5.155s] Level 1:colcon.colcon_core.environment:checking '/home/zlove/botFire/Autobot/install/robot_description/lib/python3.12/site-packages'
[5.155s] Level 1:colcon.colcon_core.shell:create_environment_hook('robot_description', 'pythonpath')
[5.156s] INFO:colcon.colcon_core.shell:Creating environment hook '/home/zlove/botFire/Autobot/install/robot_description/share/robot_description/hook/pythonpath.ps1'
[5.157s] INFO:colcon.colcon_core.shell:Creating environment descriptor '/home/zlove/botFire/Autobot/install/robot_description/share/robot_description/hook/pythonpath.dsv'
[5.159s] INFO:colcon.colcon_core.shell:Creating environment hook '/home/zlove/botFire/Autobot/install/robot_description/share/robot_description/hook/pythonpath.sh'
[5.160s] Level 1:colcon.colcon_core.environment:checking '/home/zlove/botFire/Autobot/install/robot_description/bin'
[5.160s] Level 1:colcon.colcon_core.environment:create_environment_scripts_only(robot_description)
[5.161s] INFO:colcon.colcon_core.shell:Creating package script '/home/zlove/botFire/Autobot/install/robot_description/share/robot_description/package.ps1'
[5.162s] INFO:colcon.colcon_core.shell:Creating package descriptor '/home/zlove/botFire/Autobot/install/robot_description/share/robot_description/package.dsv'
[5.163s] INFO:colcon.colcon_core.shell:Creating package script '/home/zlove/botFire/Autobot/install/robot_description/share/robot_description/package.sh'
[5.164s] INFO:colcon.colcon_core.shell:Creating package script '/home/zlove/botFire/Autobot/install/robot_description/share/robot_description/package.bash'
[5.166s] INFO:colcon.colcon_core.shell:Creating package script '/home/zlove/botFire/Autobot/install/robot_description/share/robot_description/package.zsh'
[5.168s] Level 1:colcon.colcon_core.environment:create_file_with_runtime_dependencies(/home/zlove/botFire/Autobot/install/robot_description/share/colcon-core/packages/robot_description)
[5.221s] Level 1:colcon.colcon_core.environment:checking '/home/zlove/botFire/Autobot/install/urdf_tutorial' for CMake module files
[5.223s] DEBUG:colcon.colcon_core.event_handler.log_command:Invoked command in '/home/zlove/botFire/Autobot/urdf_tutorial' returned '0': DEBUGINFOD_URLS=https://debuginfod.ubuntu.com PYTHONPATH=/home/zlove/botFire/Autobot/build/urdf_tutorial/prefix_override:/usr/lib/python3/dist-packages/colcon_core/task/python/colcon_distutils_commands:/home/zlove/botFire/Autobot/install/urdf_tutorial/lib/python3.12/site-packages:${PYTHONPATH} /usr/bin/python3 -W ignore:setup.py install is deprecated -W ignore:easy_install command is deprecated setup.py egg_info --egg-base ../build/urdf_tutorial build --build-base /home/zlove/botFire/Autobot/build/urdf_tutorial/build install --record /home/zlove/botFire/Autobot/build/urdf_tutorial/install.log --single-version-externally-managed install_data
[5.225s] Level 1:colcon.colcon_core.environment:checking '/home/zlove/botFire/Autobot/install/urdf_tutorial' for CMake config files
[5.227s] Level 1:colcon.colcon_core.environment:checking '/home/zlove/botFire/Autobot/install/urdf_tutorial/lib'
[5.227s] Level 1:colcon.colcon_core.environment:checking '/home/zlove/botFire/Autobot/install/urdf_tutorial/bin'
[5.228s] Level 1:colcon.colcon_core.environment:checking '/home/zlove/botFire/Autobot/install/urdf_tutorial/lib/pkgconfig/urdf_tutorial.pc'
[5.228s] Level 1:colcon.colcon_core.environment:checking '/home/zlove/botFire/Autobot/install/urdf_tutorial/lib/python3.12/site-packages'
[5.229s] Level 1:colcon.colcon_core.shell:create_environment_hook('urdf_tutorial', 'pythonpath')
[5.230s] INFO:colcon.colcon_core.shell:Creating environment hook '/home/zlove/botFire/Autobot/install/urdf_tutorial/share/urdf_tutorial/hook/pythonpath.ps1'
[5.231s] INFO:colcon.colcon_core.shell:Creating environment descriptor '/home/zlove/botFire/Autobot/install/urdf_tutorial/share/urdf_tutorial/hook/pythonpath.dsv'
[5.232s] INFO:colcon.colcon_core.shell:Creating environment hook '/home/zlove/botFire/Autobot/install/urdf_tutorial/share/urdf_tutorial/hook/pythonpath.sh'
[5.234s] Level 1:colcon.colcon_core.environment:checking '/home/zlove/botFire/Autobot/install/urdf_tutorial/bin'
[5.234s] Level 1:colcon.colcon_core.environment:create_environment_scripts_only(urdf_tutorial)
[5.235s] INFO:colcon.colcon_core.shell:Creating package script '/home/zlove/botFire/Autobot/install/urdf_tutorial/share/urdf_tutorial/package.ps1'
[5.236s] INFO:colcon.colcon_core.shell:Creating package descriptor '/home/zlove/botFire/Autobot/install/urdf_tutorial/share/urdf_tutorial/package.dsv'
[5.237s] INFO:colcon.colcon_core.shell:Creating package script '/home/zlove/botFire/Autobot/install/urdf_tutorial/share/urdf_tutorial/package.sh'
[5.237s] INFO:colcon.colcon_core.shell:Creating package script '/home/zlove/botFire/Autobot/install/urdf_tutorial/share/urdf_tutorial/package.bash'
[5.238s] INFO:colcon.colcon_core.shell:Creating package script '/home/zlove/botFire/Autobot/install/urdf_tutorial/share/urdf_tutorial/package.zsh'
[5.238s] Level 1:colcon.colcon_core.environment:create_file_with_runtime_dependencies(/home/zlove/botFire/Autobot/install/urdf_tutorial/share/colcon-core/packages/urdf_tutorial)
[5.244s] INFO:colcon.colcon_ros.task.ament_python.build:Building ROS package in '/home/zlove/botFire/Autobot/robot_killer' with build type 'ament_python'
[5.244s] Level 1:colcon.colcon_core.shell:create_environment_hook('robot_killer', 'ament_prefix_path')
[5.245s] INFO:colcon.colcon_core.shell:Creating environment hook '/home/zlove/botFire/Autobot/install/robot_killer/share/robot_killer/hook/ament_prefix_path.ps1'
[5.249s] INFO:colcon.colcon_core.shell:Creating environment descriptor '/home/zlove/botFire/Autobot/install/robot_killer/share/robot_killer/hook/ament_prefix_path.dsv'
[5.251s] INFO:colcon.colcon_core.shell:Creating environment hook '/home/zlove/botFire/Autobot/install/robot_killer/share/robot_killer/hook/ament_prefix_path.sh'
[5.255s] INFO:colcon.colcon_core.shell:Skip shell extension 'powershell' for command environment: Not usable outside of PowerShell
[5.255s] DEBUG:colcon.colcon_core.shell:Skip shell extension 'dsv' for command environment
[5.806s] INFO:colcon.colcon_core.task.python.build:Building Python package in '/home/zlove/botFire/Autobot/robot_killer'
[5.807s] INFO:colcon.colcon_core.shell:Skip shell extension 'powershell' for command environment: Not usable outside of PowerShell
[5.807s] DEBUG:colcon.colcon_core.shell:Skip shell extension 'dsv' for command environment
[7.330s] DEBUG:colcon.colcon_core.event_handler.log_command:Invoking command in '/home/zlove/botFire/Autobot/robot_killer': AMENT_PREFIX_PATH=/home/zlove/botFire/Autobot/install/urdf_tutorial:/home/zlove/botFire/Autobot/install/twist_to_ackermann:${AMENT_PREFIX_PATH} DEBUGINFOD_URLS=https://debuginfod.ubuntu.com PYTHONPATH=/home/zlove/botFire/Autobot/build/robot_killer/prefix_override:/usr/lib/python3/dist-packages/colcon_core/task/python/colcon_distutils_commands:/home/zlove/botFire/Autobot/install/robot_killer/lib/python3.12/site-packages:/home/zlove/botFire/Autobot/install/urdf_tutorial/lib/python3.12/site-packages:/home/zlove/botFire/Autobot/install/twist_to_ackermann/lib/python3.12/site-packages:${PYTHONPATH} /usr/bin/python3 -W ignore:setup.py install is deprecated -W ignore:easy_install command is deprecated setup.py egg_info --egg-base ../build/robot_killer build --build-base /home/zlove/botFire/Autobot/build/robot_killer/build install --record /home/zlove/botFire/Autobot/build/robot_killer/install.log --single-version-externally-managed install_data
[9.230s] Level 1:colcon.colcon_core.environment:checking '/home/zlove/botFire/Autobot/install/robot_killer' for CMake module files
[9.236s] Level 1:colcon.colcon_core.environment:checking '/home/zlove/botFire/Autobot/install/robot_killer' for CMake config files
[9.237s] Level 1:colcon.colcon_core.environment:checking '/home/zlove/botFire/Autobot/install/robot_killer/lib'
[9.241s] Level 1:colcon.colcon_core.environment:checking '/home/zlove/botFire/Autobot/install/robot_killer/bin'
[9.242s] DEBUG:colcon.colcon_core.event_handler.log_command:Invoked command in '/home/zlove/botFire/Autobot/robot_killer' returned '0': AMENT_PREFIX_PATH=/home/zlove/botFire/Autobot/install/urdf_tutorial:/home/zlove/botFire/Autobot/install/twist_to_ackermann:${AMENT_PREFIX_PATH} DEBUGINFOD_URLS=https://debuginfod.ubuntu.com PYTHONPATH=/home/zlove/botFire/Autobot/build/robot_killer/prefix_override:/usr/lib/python3/dist-packages/colcon_core/task/python/colcon_distutils_commands:/home/zlove/botFire/Autobot/install/robot_killer/lib/python3.12/site-packages:/home/zlove/botFire/Autobot/install/urdf_tutorial/lib/python3.12/site-packages:/home/zlove/botFire/Autobot/install/twist_to_ackermann/lib/python3.12/site-packages:${PYTHONPATH} /usr/bin/python3 -W ignore:setup.py install is deprecated -W ignore:easy_install command is deprecated setup.py egg_info --egg-base ../build/robot_killer build --build-base /home/zlove/botFire/Autobot/build/robot_killer/build install --record /home/zlove/botFire/Autobot/build/robot_killer/install.log --single-version-externally-managed install_data
[9.242s] Level 1:colcon.colcon_core.environment:checking '/home/zlove/botFire/Autobot/install/robot_killer/lib/pkgconfig/robot_killer.pc'
[9.247s] Level 1:colcon.colcon_core.environment:checking '/home/zlove/botFire/Autobot/install/robot_killer/lib/python3.12/site-packages'
[9.248s] Level 1:colcon.colcon_core.shell:create_environment_hook('robot_killer', 'pythonpath')
[9.248s] INFO:colcon.colcon_core.shell:Creating environment hook '/home/zlove/botFire/Autobot/install/robot_killer/share/robot_killer/hook/pythonpath.ps1'
[9.253s] INFO:colcon.colcon_core.shell:Creating environment descriptor '/home/zlove/botFire/Autobot/install/robot_killer/share/robot_killer/hook/pythonpath.dsv'
[9.259s] INFO:colcon.colcon_core.shell:Creating environment hook '/home/zlove/botFire/Autobot/install/robot_killer/share/robot_killer/hook/pythonpath.sh'
[9.262s] Level 1:colcon.colcon_core.environment:checking '/home/zlove/botFire/Autobot/install/robot_killer/bin'
[9.262s] Level 1:colcon.colcon_core.environment:create_environment_scripts_only(robot_killer)
[9.263s] INFO:colcon.colcon_core.shell:Creating package script '/home/zlove/botFire/Autobot/install/robot_killer/share/robot_killer/package.ps1'
[9.271s] INFO:colcon.colcon_core.shell:Creating package descriptor '/home/zlove/botFire/Autobot/install/robot_killer/share/robot_killer/package.dsv'
[9.277s] INFO:colcon.colcon_core.shell:Creating package script '/home/zlove/botFire/Autobot/install/robot_killer/share/robot_killer/package.sh'
[9.282s] INFO:colcon.colcon_core.shell:Creating package script '/home/zlove/botFire/Autobot/install/robot_killer/share/robot_killer/package.bash'
[9.286s] INFO:colcon.colcon_core.shell:Creating package script '/home/zlove/botFire/Autobot/install/robot_killer/share/robot_killer/package.zsh'
[9.288s] Level 1:colcon.colcon_core.environment:create_file_with_runtime_dependencies(/home/zlove/botFire/Autobot/install/robot_killer/share/colcon-core/packages/robot_killer)
[9.292s] DEBUG:colcon.colcon_parallel_executor.executor.parallel:closing loop
[9.292s] DEBUG:colcon.colcon_parallel_executor.executor.parallel:loop closed
[9.293s] DEBUG:colcon.colcon_parallel_executor.executor.parallel:run_until_complete finished with '0'
[9.293s] DEBUG:colcon.colcon_core.event_reactor:joining thread
[9.390s] INFO:colcon.colcon_core.plugin_system:Skipping extension 'colcon_notification.desktop_notification.terminal_notifier': Not used on non-Darwin systems
[9.390s] INFO:colcon.colcon_core.plugin_system:Skipping extension 'colcon_notification.desktop_notification.win32': Not used on non-Windows systems
[9.390s] INFO:colcon.colcon_notification.desktop_notification:Sending desktop notification using 'notify2'
[9.477s] DEBUG:colcon.colcon_core.event_reactor:joined thread
[9.478s] INFO:colcon.colcon_core.shell:Creating prefix script '/home/zlove/botFire/Autobot/install/local_setup.ps1'
[9.485s] INFO:colcon.colcon_core.shell:Creating prefix util module '/home/zlove/botFire/Autobot/install/_local_setup_util_ps1.py'
[9.488s] INFO:colcon.colcon_core.shell:Creating prefix chain script '/home/zlove/botFire/Autobot/install/setup.ps1'
[9.494s] INFO:colcon.colcon_core.shell:Creating prefix script '/home/zlove/botFire/Autobot/install/local_setup.sh'
[9.498s] INFO:colcon.colcon_core.shell:Creating prefix util module '/home/zlove/botFire/Autobot/install/_local_setup_util_sh.py'
[9.501s] INFO:colcon.colcon_core.shell:Creating prefix chain script '/home/zlove/botFire/Autobot/install/setup.sh'
[9.508s] INFO:colcon.colcon_core.shell:Creating prefix script '/home/zlove/botFire/Autobot/install/local_setup.bash'
[9.513s] INFO:colcon.colcon_core.shell:Creating prefix chain script '/home/zlove/botFire/Autobot/install/setup.bash'
[9.522s] INFO:colcon.colcon_core.shell:Creating prefix script '/home/zlove/botFire/Autobot/install/local_setup.zsh'
[9.525s] INFO:colcon.colcon_core.shell:Creating prefix chain script '/home/zlove/botFire/Autobot/install/setup.zsh'
