running egg_info
writing ../build/robot_killer/robot_killer.egg-info/PKG-INFO
writing dependency_links to ../build/robot_killer/robot_killer.egg-info/dependency_links.txt
writing requirements to ../build/robot_killer/robot_killer.egg-info/requires.txt
writing top-level names to ../build/robot_killer/robot_killer.egg-info/top_level.txt
reading manifest file '../build/robot_killer/robot_killer.egg-info/SOURCES.txt'
writing manifest file '../build/robot_killer/robot_killer.egg-info/SOURCES.txt'
running build
running build_py
copying robot_killer/mission_controller.py -> /home/zlove/botFire/Autobot/build/robot_killer/build/lib/robot_killer
copying robot_killer/fire_deector_node.py -> /home/zlove/botFire/Autobot/build/robot_killer/build/lib/robot_killer
copying robot_killer/temerature_simulator.py -> /home/zlove/botFire/Autobot/build/robot_killer/build/lib/robot_killer
running install
running install_lib
copying /home/zlove/botFire/Autobot/build/robot_killer/build/lib/robot_killer/mission_controller.py -> /home/zlove/botFire/Autobot/install/robot_killer/lib/python3.12/site-packages/robot_killer
copying /home/zlove/botFire/Autobot/build/robot_killer/build/lib/robot_killer/fire_deector_node.py -> /home/zlove/botFire/Autobot/install/robot_killer/lib/python3.12/site-packages/robot_killer
copying /home/zlove/botFire/Autobot/build/robot_killer/build/lib/robot_killer/temerature_simulator.py -> /home/zlove/botFire/Autobot/install/robot_killer/lib/python3.12/site-packages/robot_killer
byte-compiling /home/zlove/botFire/Autobot/install/robot_killer/lib/python3.12/site-packages/robot_killer/mission_controller.py to mission_controller.cpython-312.pyc
byte-compiling /home/zlove/botFire/Autobot/install/robot_killer/lib/python3.12/site-packages/robot_killer/fire_deector_node.py to fire_deector_node.cpython-312.pyc
byte-compiling /home/zlove/botFire/Autobot/install/robot_killer/lib/python3.12/site-packages/robot_killer/temerature_simulator.py to temerature_simulator.cpython-312.pyc
running install_data
copying launch/round1.launch.py -> /home/zlove/botFire/Autobot/install/robot_killer/share/robot_killer/launch
running install_egg_info
removing '/home/zlove/botFire/Autobot/install/robot_killer/lib/python3.12/site-packages/robot_killer-0.0.1-py3.12.egg-info' (and everything under it)
Copying ../build/robot_killer/robot_killer.egg-info to /home/zlove/botFire/Autobot/install/robot_killer/lib/python3.12/site-packages/robot_killer-0.0.1-py3.12.egg-info
running install_scripts
writing list of installed files to '/home/zlove/botFire/Autobot/build/robot_killer/install.log'
