[3.339s] Invoking command in '/home/zlove/botFire/Autobot/robot_killer': AMENT_PREFIX_PATH=/home/zlove/botFire/Autobot/install/urdf_tutorial:/home/zlove/botFire/Autobot/install/twist_to_ackermann:/home/zlove/botFire/Autobot/install/robot_killer:/home/zlove/botFire/Autobot/install/sllidar_ros2:/home/zlove/botFire/Autobot/install/robot_description:/home/zlove/ros2_ws/install/my_robot_slam:/home/zlove/ros2_ws/install/my_robot_simulation:/home/zlove/ros2_ws/install/my_robot_description:/opt/ros/jazzy DEBUGINFOD_URLS=https://debuginfod.ubuntu.com PYTHONPATH=/home/zlove/botFire/Autobot/build/robot_killer/prefix_override:/usr/lib/python3/dist-packages/colcon_core/task/python/colcon_distutils_commands:/home/zlove/botFire/Autobot/install/robot_killer/lib/python3.12/site-packages:/home/zlove/botFire/Autobot/install/urdf_tutorial/lib/python3.12/site-packages:/home/zlove/botFire/Autobot/install/twist_to_ackermann/lib/python3.12/site-packages:/home/zlove/botFire/Autobot/install/robot_killer/lib/python3.12/site-packages:/home/zlove/botFire/Autobot/install/robot_description/lib/python3.12/site-packages:/home/zlove/ros2_ws/install/my_robot_slam/lib/python3.12/site-packages:/opt/ros/jazzy/lib/python3.12/site-packages /usr/bin/python3 -W ignore:setup.py install is deprecated -W ignore:easy_install command is deprecated setup.py egg_info --egg-base ../build/robot_killer build --build-base /home/zlove/botFire/Autobot/build/robot_killer/build install --record /home/zlove/botFire/Autobot/build/robot_killer/install.log --single-version-externally-managed install_data
[4.043s] running egg_info
[4.093s] writing ../build/robot_killer/robot_killer.egg-info/PKG-INFO
[4.093s] writing dependency_links to ../build/robot_killer/robot_killer.egg-info/dependency_links.txt
[4.094s] writing requirements to ../build/robot_killer/robot_killer.egg-info/requires.txt
[4.094s] writing top-level names to ../build/robot_killer/robot_killer.egg-info/top_level.txt
[4.194s] reading manifest file '../build/robot_killer/robot_killer.egg-info/SOURCES.txt'
[4.198s] writing manifest file '../build/robot_killer/robot_killer.egg-info/SOURCES.txt'
[4.199s] running build
[4.199s] running build_py
[4.200s] copying robot_killer/mission_controller.py -> /home/zlove/botFire/Autobot/build/robot_killer/build/lib/robot_killer
[4.200s] copying robot_killer/fire_deector_node.py -> /home/zlove/botFire/Autobot/build/robot_killer/build/lib/robot_killer
[4.201s] copying robot_killer/temerature_simulator.py -> /home/zlove/botFire/Autobot/build/robot_killer/build/lib/robot_killer
[4.203s] running install
[4.233s] running install_lib
[4.273s] copying /home/zlove/botFire/Autobot/build/robot_killer/build/lib/robot_killer/mission_controller.py -> /home/zlove/botFire/Autobot/install/robot_killer/lib/python3.12/site-packages/robot_killer
[4.274s] copying /home/zlove/botFire/Autobot/build/robot_killer/build/lib/robot_killer/fire_deector_node.py -> /home/zlove/botFire/Autobot/install/robot_killer/lib/python3.12/site-packages/robot_killer
[4.278s] copying /home/zlove/botFire/Autobot/build/robot_killer/build/lib/robot_killer/temerature_simulator.py -> /home/zlove/botFire/Autobot/install/robot_killer/lib/python3.12/site-packages/robot_killer
[4.278s] byte-compiling /home/zlove/botFire/Autobot/install/robot_killer/lib/python3.12/site-packages/robot_killer/mission_controller.py to mission_controller.cpython-312.pyc
[4.284s] byte-compiling /home/zlove/botFire/Autobot/install/robot_killer/lib/python3.12/site-packages/robot_killer/fire_deector_node.py to fire_deector_node.cpython-312.pyc
[4.288s] byte-compiling /home/zlove/botFire/Autobot/install/robot_killer/lib/python3.12/site-packages/robot_killer/temerature_simulator.py to temerature_simulator.cpython-312.pyc
[4.289s] running install_data
[4.290s] copying launch/round1.launch.py -> /home/zlove/botFire/Autobot/install/robot_killer/share/robot_killer/launch
[4.296s] running install_egg_info
[4.334s] removing '/home/zlove/botFire/Autobot/install/robot_killer/lib/python3.12/site-packages/robot_killer-0.0.1-py3.12.egg-info' (and everything under it)
[4.337s] Copying ../build/robot_killer/robot_killer.egg-info to /home/zlove/botFire/Autobot/install/robot_killer/lib/python3.12/site-packages/robot_killer-0.0.1-py3.12.egg-info
[4.341s] running install_scripts
[4.793s] writing list of installed files to '/home/zlove/botFire/Autobot/build/robot_killer/install.log'
[4.908s] Invoked command in '/home/zlove/botFire/Autobot/robot_killer' returned '0': AMENT_PREFIX_PATH=/home/zlove/botFire/Autobot/install/urdf_tutorial:/home/zlove/botFire/Autobot/install/twist_to_ackermann:/home/zlove/botFire/Autobot/install/robot_killer:/home/zlove/botFire/Autobot/install/sllidar_ros2:/home/zlove/botFire/Autobot/install/robot_description:/home/zlove/ros2_ws/install/my_robot_slam:/home/zlove/ros2_ws/install/my_robot_simulation:/home/zlove/ros2_ws/install/my_robot_description:/opt/ros/jazzy DEBUGINFOD_URLS=https://debuginfod.ubuntu.com PYTHONPATH=/home/zlove/botFire/Autobot/build/robot_killer/prefix_override:/usr/lib/python3/dist-packages/colcon_core/task/python/colcon_distutils_commands:/home/zlove/botFire/Autobot/install/robot_killer/lib/python3.12/site-packages:/home/zlove/botFire/Autobot/install/urdf_tutorial/lib/python3.12/site-packages:/home/zlove/botFire/Autobot/install/twist_to_ackermann/lib/python3.12/site-packages:/home/zlove/botFire/Autobot/install/robot_killer/lib/python3.12/site-packages:/home/zlove/botFire/Autobot/install/robot_description/lib/python3.12/site-packages:/home/zlove/ros2_ws/install/my_robot_slam/lib/python3.12/site-packages:/opt/ros/jazzy/lib/python3.12/site-packages /usr/bin/python3 -W ignore:setup.py install is deprecated -W ignore:easy_install command is deprecated setup.py egg_info --egg-base ../build/robot_killer build --build-base /home/zlove/botFire/Autobot/build/robot_killer/build install --record /home/zlove/botFire/Autobot/build/robot_killer/install.log --single-version-externally-managed install_data
